[route] chap version: 2.3.1
[route] cloning https://github.com/dhis2-chap/minimalist_example_uv.git
[route] running chap eval
2026/09/22 21:14:03 INFO mlflow.agent.hint: Load the `instrumenting-with-mlflow-tracing` skill at /Users/geirksa_1_2_3/.local/share/uv/tools/chap-core/lib/python3.13/site-packages/mlflow/assistant/skills/instrumenting-with-mlflow-tracing/SKILL.md before writing any tracing code; it ships with this MLflow install. Set MLFLOW_DISABLE_AGENT_HINT=1 to silence this.
2026-09-22T21:14:04 [INFO   ] Database URL not set [chap_core.database.database]
2026-09-22T21:14:04 [INFO   ] Database url not set. Database operations will not work [chap_core.database.database]
2026-09-22T21:14:04 [INFO   ] Evaluating model . with xarray/NetCDF output [chap_core.cli_endpoints.evaluate]
2026-09-22T21:14:04 [INFO   ] Level set to INFO [root]
2026-09-22T21:14:04 [INFO   ] Loading dataset from /Users/geirksa_1_2_3/ai/special-purpose vaults/run-ghr-model-in-chap/Archive/data-lao/chap_LAO_admin1_monthly.csv [root]
2026-09-22T21:14:05 [INFO   ] Loading polygons from /Users/geirksa_1_2_3/ai/special-purpose vaults/run-ghr-model-in-chap/Archive/data-lao/chap_LAO_admin1_monthly.geojson [root]
2026-09-22T21:14:05 [WARNING] Rejected regions: ['LA-VI'] due to missing target values for the whole training period [chap_core.rest_api.db_worker_functions]
2026-09-22T21:14:05 [INFO   ] Remaining regions: ['LA-AT', 'LA-BK', 'LA-BL', 'LA-CH', 'LA-HO', 'LA-KH', 'LA-LM', 'LA-LP', 'LA-OU', 'LA-PH', 'LA-SL', 'LA-SV', 'LA-VT', 'LA-XA', 'LA-XE', 'LA-XI', 'LA-XN'] with 17 entries [chap_core.rest_api.db_worker_functions]
2026-09-22T21:14:05 [INFO   ] Loading model template from . [chap_core.cli_endpoints.evaluate]
2026-09-22T21:14:07 [WARNING] Column 'mean_relative_humidity' is present in the dataset but not used by the model [chap_core.cli_endpoints._common]
2026-09-22T21:14:07 [WARNING] Column 'mean_temperature' is present in the dataset but not used by the model [chap_core.cli_endpoints._common]
2026-09-22T21:14:07 [WARNING] Column 'population' is present in the dataset but not used by the model [chap_core.cli_endpoints._common]
2026-09-22T21:14:07 [WARNING] Column 'rainfall' is present in the dataset but not used by the model [chap_core.cli_endpoints._common]
2026-09-22T21:14:07 [WARNING] Model has not specified minimum and maximum predicted length [chap_core.cli_endpoints.evaluate]
2026-09-22T21:14:07 [INFO   ] Running backtest with 7 splits, 3 periods, stride 1 [chap_core.cli_endpoints.evaluate]
2026-09-22T21:14:07 [INFO   ] Writing polygons to runs/2026-09-22_21-14-05_795a2c76/polygons.geojson [root]
2026-09-22T21:14:07 [INFO   ] Will pass polygons file runs/2026-09-22_21-14-05_795a2c76/polygons.geojson to train command and predict command [root]
2026-09-22T21:14:07 [WARNING] Dataset has polygons, but command python train.py {train_data} {model} does not ask for polygons. Will not insert polygons into command. [chap_core.runners.command_line_runner]
2026-09-22T21:14:53 [WARNING] Dataset has polygons, but command python predict.py {model} {historic_data} {future_data} {out_file} does not ask for polygons. Will not insert polygons into command. [chap_core.runners.command_line_runner]
2026-09-22T21:14:55 [WARNING] Dataset has polygons, but command python predict.py {model} {historic_data} {future_data} {out_file} does not ask for polygons. Will not insert polygons into command. [chap_core.runners.command_line_runner]
2026-09-22T21:14:56 [WARNING] Dataset has polygons, but command python predict.py {model} {historic_data} {future_data} {out_file} does not ask for polygons. Will not insert polygons into command. [chap_core.runners.command_line_runner]
2026-09-22T21:14:58 [WARNING] Dataset has polygons, but command python predict.py {model} {historic_data} {future_data} {out_file} does not ask for polygons. Will not insert polygons into command. [chap_core.runners.command_line_runner]
2026-09-22T21:14:59 [WARNING] Dataset has polygons, but command python predict.py {model} {historic_data} {future_data} {out_file} does not ask for polygons. Will not insert polygons into command. [chap_core.runners.command_line_runner]
2026-09-22T21:15:01 [WARNING] Dataset has polygons, but command python predict.py {model} {historic_data} {future_data} {out_file} does not ask for polygons. Will not insert polygons into command. [chap_core.runners.command_line_runner]
2026-09-22T21:15:03 [WARNING] Dataset has polygons, but command python predict.py {model} {historic_data} {future_data} {out_file} does not ask for polygons. Will not insert polygons into command. [chap_core.runners.command_line_runner]
2026-09-22T21:15:04 [INFO   ] Exporting evaluation to /Users/geirksa_1_2_3/ai/special-purpose vaults/run-ghr-model-in-chap/analysis/05_repeatability/results/rerun_routeB/eval/eval.nc [chap_core.cli_endpoints.evaluate]
2026-09-22T21:15:05 [INFO   ] Evaluation complete. Results saved to /Users/geirksa_1_2_3/ai/special-purpose vaults/run-ghr-model-in-chap/analysis/05_repeatability/results/rerun_routeB/eval/eval.nc [chap_core.cli_endpoints.evaluate]
2026-09-22T21:15:05 [INFO   ] Generating evaluation plot to /Users/geirksa_1_2_3/ai/special-purpose vaults/run-ghr-model-in-chap/analysis/05_repeatability/results/rerun_routeB/eval/eval.html [chap_core.cli_endpoints.evaluate]
2026-09-22T21:15:05 [INFO   ] Plot saved to /Users/geirksa_1_2_3/ai/special-purpose vaults/run-ghr-model-in-chap/analysis/05_repeatability/results/rerun_routeB/eval/eval.html [chap_core.cli_endpoints.evaluate]
[route] exporting metrics
2026-09-22T21:15:07 [INFO   ] Processing /Users/geirksa_1_2_3/ai/special-purpose vaults/run-ghr-model-in-chap/analysis/05_repeatability/results/rerun_routeB/eval/eval.nc [chap_core.cli_endpoints.utils]
/Users/geirksa_1_2_3/.local/share/uv/tools/chap-core/lib/python3.13/site-packages/chap_core/assessment/metrics/crps.py:112: RuntimeWarning: invalid value encountered in log1p
  return _crps_sample(np.log1p(samples), float(np.log1p(observed)))
/Users/geirksa_1_2_3/.local/share/uv/tools/chap-core/lib/python3.13/site-packages/chap_core/assessment/metrics/winkler_score.py:97: RuntimeWarning: invalid value encountered in log1p
  log_samples = np.log1p(samples)
/Users/geirksa_1_2_3/.local/share/uv/tools/chap-core/lib/python3.13/site-packages/chap_core/assessment/metrics/winkler_score.py:97: RuntimeWarning: invalid value encountered in log1p
  log_samples = np.log1p(samples)
2026-09-22T21:15:08 [INFO   ] Metrics exported to /Users/geirksa_1_2_3/ai/special-purpose vaults/run-ghr-model-in-chap/analysis/05_repeatability/results/rerun_routeB/eval/metrics.csv [chap_core.cli_endpoints.utils]
[route] done
[route] evaluation : /Users/geirksa_1_2_3/ai/special-purpose vaults/run-ghr-model-in-chap/analysis/05_repeatability/results/rerun_routeB/eval/eval.nc
[route] plot       : /Users/geirksa_1_2_3/ai/special-purpose vaults/run-ghr-model-in-chap/analysis/05_repeatability/results/rerun_routeB/eval/eval.html
[route] metrics    : /Users/geirksa_1_2_3/ai/special-purpose vaults/run-ghr-model-in-chap/analysis/05_repeatability/results/rerun_routeB/eval/metrics.csv
