
=== preflight
2.3.1

=== obtaining the model from https://github.com/chap-models/chapkit_ghr_model
Cloning into '/tmp/route_a_UxSD9O/model'...
model commit: 60b16a2e929405ce95fae2043a63d7e27292ca0f

=== building chapkit-ghr-model:route (linux/amd64; emulated on arm64 hosts)
#0 building with "desktop-linux" instance using docker driver

#1 [internal] load build definition from Dockerfile
#1 transferring dockerfile: 2.66kB done
#1 DONE 0.0s

#2 [internal] load metadata for ghcr.io/dhis2-chap/chapkit-r-inla:latest
#2 DONE 0.7s

#3 [internal] load .dockerignore
#3 transferring context: 2B done
#3 DONE 0.0s

#4 [stage-0 1/9] FROM ghcr.io/dhis2-chap/chapkit-r-inla:latest@sha256:4758923d5b229c41fe7206f672d9b853edb143ec9c1aa11a96953a62f742c184
#4 resolve ghcr.io/dhis2-chap/chapkit-r-inla:latest@sha256:4758923d5b229c41fe7206f672d9b853edb143ec9c1aa11a96953a62f742c184 done
#4 DONE 0.0s

#5 [internal] load build context
#5 transferring context: 300.49kB 0.0s done
#5 DONE 0.0s

#6 [stage-0 3/9] RUN R -q -e "install.packages(c('cowplot','GHRexplore'), repos='https://cloud.r-project.org')"     && R -q -e "stopifnot(requireNamespace('cowplot'), requireNamespace('GHRexplore'))"
#6 CACHED

#7 [stage-0 8/9] COPY scripts/ ./scripts/
#7 CACHED

#8 [stage-0 4/9] RUN git clone --branch "dhis2-workflow"         https://gitlab.earth.bsc.es/ghr/ghrmodel.git /tmp/ghrmodel     && git -C /tmp/ghrmodel checkout --quiet "b2f433bd7febc921f51f37cd7376e79cb8f12058"     && R -q -e "install.packages('/tmp/ghrmodel', repos=NULL, type='source')"     && R -q -e "library(GHRmodel); stopifnot(all(sapply(c('select_re','select_fe','select_report','fit_models','sample_ppd'), exists)))"     && rm -rf /tmp/ghrmodel
#8 CACHED

#9 [stage-0 5/9] COPY pyproject.toml uv.lock ./
#9 CACHED

#10 [stage-0 6/9] RUN --mount=type=cache,target=/root/.cache/uv     UV_PROJECT_ENVIRONMENT=/app/.venv uv sync --frozen --no-dev --no-install-project
#10 CACHED

#11 [stage-0 7/9] COPY main.py ./
#11 CACHED

#12 [stage-0 2/9] WORKDIR /work
#12 CACHED

#13 [stage-0 9/9] RUN chmod -R a+rX /usr/local/lib/R/site-library/INLA/bin     && chmod a+w /usr/local/lib/R/site-library/GHRmodel/templates     && groupadd --gid 10001 app     && useradd --uid 10001 --gid 10001 --create-home app     && mkdir -p /work/data     && chown app:app /work/data
#13 CACHED

#14 exporting to image
#14 exporting layers done
#14 writing image sha256:9a3ba126544f79d59b735daad8dcca04b61ea0ed9af363691b876d8aa12bf67e done
#14 naming to docker.io/library/chapkit-ghr-model:route done
#14 DONE 0.0s
build layers CACHED: 8

=== starting the chapkit service on :8000
service healthy

=== chap model schema
2026-09-22T20:15:38 [INFO   ] setup plugin alembic.autogenerate.schemas [alembic.runtime.plugins]
2026-09-22T20:15:38 [INFO   ] setup plugin alembic.autogenerate.tables [alembic.runtime.plugins]
2026-09-22T20:15:38 [INFO   ] setup plugin alembic.autogenerate.types [alembic.runtime.plugins]
2026-09-22T20:15:38 [INFO   ] setup plugin alembic.autogenerate.constraints [alembic.runtime.plugins]
2026-09-22T20:15:38 [INFO   ] setup plugin alembic.autogenerate.defaults [alembic.runtime.plugins]
2026-09-22T20:15:38 [INFO   ] setup plugin alembic.autogenerate.comments [alembic.runtime.plugins]
2026-09-22T20:15:38 [INFO   ] setup plugin alembic.ext.checkconstraint_byname [alembic.runtime.plugins]
2026-09-22T20:15:38 [INFO   ] Loading model template from http://localhost:8000 [chap_core.cli_endpoints.model]
2026-09-22T20:15:38 [INFO   ] HTTP Request: GET http://localhost:8000/api/v1/info "HTTP/1.1 200 OK" [httpx]
2026-09-22T20:15:38 [INFO   ] Auto-detected chapkit service at http://localhost:8000 [chap_core.external.external_model]
2026-09-22T20:15:38 [INFO   ] HTTP Request: GET http://localhost:8000/api/v1/info "HTTP/1.1 200 OK" [httpx]
2026-09-22T20:15:38 [INFO   ] HTTP Request: GET http://localhost:8000/api/v1/info "HTTP/1.1 200 OK" [httpx]
2026-09-22T20:15:38 [INFO   ] HTTP Request: GET http://localhost:8000/api/v1/configs/$schema "HTTP/1.1 200 OK" [httpx]

=== staging the dataset

=== chap eval (CHAP defaults: 7 splits, 3 periods, 1 retrain)
2026-09-22T20:15:40 [INFO   ] Database URL not set [chap_core.database.database]
2026-09-22T20:15:40 [INFO   ] Database url not set. Database operations will not work [chap_core.database.database]
2026-09-22T20:15:40 [INFO   ] Evaluating model http://localhost:8000 with xarray/NetCDF output [chap_core.cli_endpoints.evaluate]
2026-09-22T20:15:40 [INFO   ] Level set to INFO [root]
2026-09-22T20:15:40 [INFO   ] Loading dataset from /Users/geirksa_1_2_3/ai/special-purpose vaults/run-ghr-model-in-chap/analysis/02_routeA_chapkit/results/route_run/chap_LAO_admin1_monthly.csv [root]
2026-09-22T20:15:41 [INFO   ] Loading polygons from /Users/geirksa_1_2_3/ai/special-purpose vaults/run-ghr-model-in-chap/analysis/02_routeA_chapkit/results/route_run/chap_LAO_admin1_monthly.geojson [root]
2026-09-22T20:15:41 [WARNING] Rejected regions: ['LA-VI'] due to missing target values for the whole training period [chap_core.rest_api.db_worker_functions]
2026-09-22T20:15:41 [INFO   ] Remaining regions: ['LA-AT', 'LA-BK', 'LA-BL', 'LA-CH', 'LA-HO', 'LA-KH', 'LA-LM', 'LA-LP', 'LA-OU', 'LA-PH', 'LA-SL', 'LA-SV', 'LA-VT', 'LA-XA', 'LA-XE', 'LA-XI', 'LA-XN'] with 17 entries [chap_core.rest_api.db_worker_functions]
2026-09-22T20:15:41 [INFO   ] Loading model template from http://localhost:8000 [chap_core.cli_endpoints.evaluate]
2026-09-22T20:15:41 [INFO   ] HTTP Request: GET http://localhost:8000/api/v1/info "HTTP/1.1 200 OK" [httpx]
2026-09-22T20:15:41 [INFO   ] HTTP Request: GET http://localhost:8000/api/v1/info "HTTP/1.1 200 OK" [httpx]
2026-09-22T20:15:41 [INFO   ] Creating model configuration with name chapkit-ghr-model_config_1790100941329495 at http://localhost:8000. Data: {'name': 'chapkit-ghr-model_config_1790100941329495', 'data': {}} [chap_core.models.external_chapkit_model]
2026-09-22T20:15:41 [INFO   ] HTTP Request: POST http://localhost:8000/api/v1/configs "HTTP/1.1 201 Created" [httpx]
2026-09-22T20:15:41 [INFO   ] HTTP Request: GET http://localhost:8000/api/v1/configs "HTTP/1.1 200 OK" [httpx]
2026-09-22T20:15:41 [INFO   ] Created model configuration with id 01M3559AH6N7ZXRERAK7SZ55W0 at http://localhost:8000 [chap_core.models.external_chapkit_model]
2026-09-22T20:15:41 [INFO   ] HTTP Request: GET http://localhost:8000/api/v1/info "HTTP/1.1 200 OK" [httpx]
2026-09-22T20:15:41 [INFO   ] HTTP Request: GET http://localhost:8000/api/v1/info "HTTP/1.1 200 OK" [httpx]
2026-09-22T20:15:41 [INFO   ] HTTP Request: GET http://localhost:8000/api/v1/configs/$schema "HTTP/1.1 200 OK" [httpx]
2026-09-22T20:15:41 [INFO   ] HTTP Request: GET http://localhost:8000/api/v1/info "HTTP/1.1 200 OK" [httpx]
2026-09-22T20:15:41 [INFO   ] HTTP Request: GET http://localhost:8000/api/v1/configs/$schema "HTTP/1.1 200 OK" [httpx]
2026-09-22T20:15:42 [WARNING] Column 'mean_relative_humidity' is present in the dataset but not used by the model [chap_core.cli_endpoints._common]
2026-09-22T20:15:42 [WARNING] Column 'mean_temperature' is present in the dataset but not used by the model [chap_core.cli_endpoints._common]
2026-09-22T20:15:42 [WARNING] Column 'rainfall' is present in the dataset but not used by the model [chap_core.cli_endpoints._common]
2026-09-22T20:15:42 [INFO   ] HTTP Request: GET http://localhost:8000/api/v1/info "HTTP/1.1 200 OK" [httpx]
2026-09-22T20:15:42 [INFO   ] HTTP Request: GET http://localhost:8000/api/v1/configs/$schema "HTTP/1.1 200 OK" [httpx]
2026-09-22T20:15:42 [INFO   ] HTTP Request: GET http://localhost:8000/api/v1/info "HTTP/1.1 200 OK" [httpx]
2026-09-22T20:15:42 [INFO   ] HTTP Request: GET http://localhost:8000/api/v1/configs/$schema "HTTP/1.1 200 OK" [httpx]
2026-09-22T20:15:42 [INFO   ] HTTP Request: GET http://localhost:8000/api/v1/info "HTTP/1.1 200 OK" [httpx]
2026-09-22T20:15:42 [INFO   ] HTTP Request: GET http://localhost:8000/api/v1/configs/$schema "HTTP/1.1 200 OK" [httpx]
2026-09-22T20:15:42 [INFO   ] Running backtest with 7 splits, 3 periods, stride 1 [chap_core.cli_endpoints.evaluate]
2026-09-22T20:15:42 [INFO   ] HTTP Request: POST http://localhost:8000/api/v1/ml/$train "HTTP/1.1 202 Accepted" [httpx]
2026-09-22T20:15:42 [INFO   ] HTTP Request: GET http://localhost:8000/api/v1/jobs/01M3559BT8Z1FB5WWGCPWW5DHW "HTTP/1.1 200 OK" [httpx]
2026-09-22T20:15:42 [INFO   ] Job 01M3559BT8Z1FB5WWGCPWW5DHW status: running [chap_core.models.chapkit_rest_api_wrapper]
2026-09-22T20:15:44 [INFO   ] HTTP Request: GET http://localhost:8000/api/v1/jobs/01M3559BT8Z1FB5WWGCPWW5DHW "HTTP/1.1 200 OK" [httpx]
2026-09-22T20:15:44 [INFO   ] Job 01M3559BT8Z1FB5WWGCPWW5DHW status: completed [chap_core.models.chapkit_rest_api_wrapper]
2026-09-22T20:15:45 [INFO   ] HTTP Request: POST http://localhost:8000/api/v1/ml/$predict "HTTP/1.1 202 Accepted" [httpx]
2026-09-22T20:15:45 [INFO   ] HTTP Request: GET http://localhost:8000/api/v1/jobs/01M3559E3QZNTSK7NKQKZXM0E2 "HTTP/1.1 200 OK" [httpx]
2026-09-22T20:15:45 [INFO   ] Job 01M3559E3QZNTSK7NKQKZXM0E2 status: running [chap_core.models.chapkit_rest_api_wrapper]
2026-09-22T20:15:47 [INFO   ] HTTP Request: GET http://localhost:8000/api/v1/jobs/01M3559E3QZNTSK7NKQKZXM0E2 "HTTP/1.1 200 OK" [httpx]
2026-09-22T20:15:47 [INFO   ] Job 01M3559E3QZNTSK7NKQKZXM0E2 status: running [chap_core.models.chapkit_rest_api_wrapper]
2026-09-22T20:15:49 [INFO   ] HTTP Request: GET http://localhost:8000/api/v1/jobs/01M3559E3QZNTSK7NKQKZXM0E2 "HTTP/1.1 200 OK" [httpx]
2026-09-22T20:15:49 [INFO   ] Job 01M3559E3QZNTSK7NKQKZXM0E2 status: running [chap_core.models.chapkit_rest_api_wrapper]
2026-09-22T20:15:51 [INFO   ] HTTP Request: GET http://localhost:8000/api/v1/jobs/01M3559E3QZNTSK7NKQKZXM0E2 "HTTP/1.1 200 OK" [httpx]
2026-09-22T20:15:51 [INFO   ] Job 01M3559E3QZNTSK7NKQKZXM0E2 status: running [chap_core.models.chapkit_rest_api_wrapper]
2026-09-22T20:15:53 [INFO   ] HTTP Request: GET http://localhost:8000/api/v1/jobs/01M3559E3QZNTSK7NKQKZXM0E2 "HTTP/1.1 200 OK" [httpx]
2026-09-22T20:15:53 [INFO   ] Job 01M3559E3QZNTSK7NKQKZXM0E2 status: running [chap_core.models.chapkit_rest_api_wrapper]
2026-09-22T20:15:55 [INFO   ] HTTP Request: GET http://localhost:8000/api/v1/jobs/01M3559E3QZNTSK7NKQKZXM0E2 "HTTP/1.1 200 OK" [httpx]
2026-09-22T20:15:55 [INFO   ] Job 01M3559E3QZNTSK7NKQKZXM0E2 status: running [chap_core.models.chapkit_rest_api_wrapper]
2026-09-22T20:15:57 [INFO   ] HTTP Request: GET http://localhost:8000/api/v1/jobs/01M3559E3QZNTSK7NKQKZXM0E2 "HTTP/1.1 200 OK" [httpx]
2026-09-22T20:15:57 [INFO   ] Job 01M3559E3QZNTSK7NKQKZXM0E2 status: running [chap_core.models.chapkit_rest_api_wrapper]
2026-09-22T20:15:59 [INFO   ] HTTP Request: GET http://localhost:8000/api/v1/jobs/01M3559E3QZNTSK7NKQKZXM0E2 "HTTP/1.1 200 OK" [httpx]
2026-09-22T20:15:59 [INFO   ] Job 01M3559E3QZNTSK7NKQKZXM0E2 status: running [chap_core.models.chapkit_rest_api_wrapper]
2026-09-22T20:16:01 [INFO   ] HTTP Request: GET http://localhost:8000/api/v1/jobs/01M3559E3QZNTSK7NKQKZXM0E2 "HTTP/1.1 200 OK" [httpx]
2026-09-22T20:16:01 [INFO   ] Job 01M3559E3QZNTSK7NKQKZXM0E2 status: running [chap_core.models.chapkit_rest_api_wrapper]
2026-09-22T20:16:03 [INFO   ] HTTP Request: GET http://localhost:8000/api/v1/jobs/01M3559E3QZNTSK7NKQKZXM0E2 "HTTP/1.1 200 OK" [httpx]
2026-09-22T20:16:03 [INFO   ] Job 01M3559E3QZNTSK7NKQKZXM0E2 status: running [chap_core.models.chapkit_rest_api_wrapper]
2026-09-22T20:16:05 [INFO   ] HTTP Request: GET http://localhost:8000/api/v1/jobs/01M3559E3QZNTSK7NKQKZXM0E2 "HTTP/1.1 200 OK" [httpx]
2026-09-22T20:16:05 [INFO   ] Job 01M3559E3QZNTSK7NKQKZXM0E2 status: running [chap_core.models.chapkit_rest_api_wrapper]
2026-09-22T20:16:07 [INFO   ] HTTP Request: GET http://localhost:8000/api/v1/jobs/01M3559E3QZNTSK7NKQKZXM0E2 "HTTP/1.1 200 OK" [httpx]
2026-09-22T20:16:07 [INFO   ] Job 01M3559E3QZNTSK7NKQKZXM0E2 status: running [chap_core.models.chapkit_rest_api_wrapper]
2026-09-22T20:16:09 [INFO   ] HTTP Request: GET http://localhost:8000/api/v1/jobs/01M3559E3QZNTSK7NKQKZXM0E2 "HTTP/1.1 200 OK" [httpx]
2026-09-22T20:16:09 [INFO   ] Job 01M3559E3QZNTSK7NKQKZXM0E2 status: running [chap_core.models.chapkit_rest_api_wrapper]
2026-09-22T20:16:11 [INFO   ] HTTP Request: GET http://localhost:8000/api/v1/jobs/01M3559E3QZNTSK7NKQKZXM0E2 "HTTP/1.1 200 OK" [httpx]
2026-09-22T20:16:11 [INFO   ] Job 01M3559E3QZNTSK7NKQKZXM0E2 status: running [chap_core.models.chapkit_rest_api_wrapper]
2026-09-22T20:16:13 [INFO   ] HTTP Request: GET http://localhost:8000/api/v1/jobs/01M3559E3QZNTSK7NKQKZXM0E2 "HTTP/1.1 200 OK" [httpx]
2026-09-22T20:16:13 [INFO   ] Job 01M3559E3QZNTSK7NKQKZXM0E2 status: running [chap_core.models.chapkit_rest_api_wrapper]
2026-09-22T20:16:15 [INFO   ] HTTP Request: GET http://localhost:8000/api/v1/jobs/01M3559E3QZNTSK7NKQKZXM0E2 "HTTP/1.1 200 OK" [httpx]
2026-09-22T20:16:15 [INFO   ] Job 01M3559E3QZNTSK7NKQKZXM0E2 status: running [chap_core.models.chapkit_rest_api_wrapper]
2026-09-22T20:16:17 [INFO   ] HTTP Request: GET http://localhost:8000/api/v1/jobs/01M3559E3QZNTSK7NKQKZXM0E2 "HTTP/1.1 200 OK" [httpx]
2026-09-22T20:16:17 [INFO   ] Job 01M3559E3QZNTSK7NKQKZXM0E2 status: running [chap_core.models.chapkit_rest_api_wrapper]
2026-09-22T20:16:19 [INFO   ] HTTP Request: GET http://localhost:8000/api/v1/jobs/01M3559E3QZNTSK7NKQKZXM0E2 "HTTP/1.1 200 OK" [httpx]
2026-09-22T20:16:19 [INFO   ] Job 01M3559E3QZNTSK7NKQKZXM0E2 status: running [chap_core.models.chapkit_rest_api_wrapper]
2026-09-22T20:16:21 [INFO   ] HTTP Request: GET http://localhost:8000/api/v1/jobs/01M3559E3QZNTSK7NKQKZXM0E2 "HTTP/1.1 200 OK" [httpx]
2026-09-22T20:16:21 [INFO   ] Job 01M3559E3QZNTSK7NKQKZXM0E2 status: running [chap_core.models.chapkit_rest_api_wrapper]
2026-09-22T20:16:23 [INFO   ] HTTP Request: GET http://localhost:8000/api/v1/jobs/01M3559E3QZNTSK7NKQKZXM0E2 "HTTP/1.1 200 OK" [httpx]
2026-09-22T20:16:23 [INFO   ] Job 01M3559E3QZNTSK7NKQKZXM0E2 status: running [chap_core.models.chapkit_rest_api_wrapper]
2026-09-22T20:16:25 [INFO   ] HTTP Request: GET http://localhost:8000/api/v1/jobs/01M3559E3QZNTSK7NKQKZXM0E2 "HTTP/1.1 200 OK" [httpx]
2026-09-22T20:16:25 [INFO   ] Job 01M3559E3QZNTSK7NKQKZXM0E2 status: running [chap_core.models.chapkit_rest_api_wrapper]
2026-09-22T20:16:27 [INFO   ] HTTP Request: GET http://localhost:8000/api/v1/jobs/01M3559E3QZNTSK7NKQKZXM0E2 "HTTP/1.1 200 OK" [httpx]
2026-09-22T20:16:27 [INFO   ] Job 01M3559E3QZNTSK7NKQKZXM0E2 status: completed [chap_core.models.chapkit_rest_api_wrapper]
2026-09-22T20:16:27 [INFO   ] HTTP Request: GET http://localhost:8000/api/v1/artifacts/01M3559E3QZNTSK7NKQKZXM0E1 "HTTP/1.1 200 OK" [httpx]
2026-09-22T20:16:27 [INFO   ] HTTP Request: POST http://localhost:8000/api/v1/ml/$predict "HTTP/1.1 202 Accepted" [httpx]
2026-09-22T20:16:27 [INFO   ] HTTP Request: GET http://localhost:8000/api/v1/jobs/01M355AQYPS6KBGMZZPG53T4N4 "HTTP/1.1 200 OK" [httpx]
2026-09-22T20:16:27 [INFO   ] Job 01M355AQYPS6KBGMZZPG53T4N4 status: running [chap_core.models.chapkit_rest_api_wrapper]
2026-09-22T20:16:29 [INFO   ] HTTP Request: GET http://localhost:8000/api/v1/jobs/01M355AQYPS6KBGMZZPG53T4N4 "HTTP/1.1 200 OK" [httpx]
2026-09-22T20:16:29 [INFO   ] Job 01M355AQYPS6KBGMZZPG53T4N4 status: running [chap_core.models.chapkit_rest_api_wrapper]
2026-09-22T20:16:31 [INFO   ] HTTP Request: GET http://localhost:8000/api/v1/jobs/01M355AQYPS6KBGMZZPG53T4N4 "HTTP/1.1 200 OK" [httpx]
2026-09-22T20:16:31 [INFO   ] Job 01M355AQYPS6KBGMZZPG53T4N4 status: running [chap_core.models.chapkit_rest_api_wrapper]
2026-09-22T20:16:33 [INFO   ] HTTP Request: GET http://localhost:8000/api/v1/jobs/01M355AQYPS6KBGMZZPG53T4N4 "HTTP/1.1 200 OK" [httpx]
2026-09-22T20:16:33 [INFO   ] Job 01M355AQYPS6KBGMZZPG53T4N4 status: running [chap_core.models.chapkit_rest_api_wrapper]
2026-09-22T20:16:35 [INFO   ] HTTP Request: GET http://localhost:8000/api/v1/jobs/01M355AQYPS6KBGMZZPG53T4N4 "HTTP/1.1 200 OK" [httpx]
2026-09-22T20:16:35 [INFO   ] Job 01M355AQYPS6KBGMZZPG53T4N4 status: running [chap_core.models.chapkit_rest_api_wrapper]
2026-09-22T20:16:37 [INFO   ] HTTP Request: GET http://localhost:8000/api/v1/jobs/01M355AQYPS6KBGMZZPG53T4N4 "HTTP/1.1 200 OK" [httpx]
2026-09-22T20:16:37 [INFO   ] Job 01M355AQYPS6KBGMZZPG53T4N4 status: running [chap_core.models.chapkit_rest_api_wrapper]
2026-09-22T20:16:39 [INFO   ] HTTP Request: GET http://localhost:8000/api/v1/jobs/01M355AQYPS6KBGMZZPG53T4N4 "HTTP/1.1 200 OK" [httpx]
2026-09-22T20:16:39 [INFO   ] Job 01M355AQYPS6KBGMZZPG53T4N4 status: running [chap_core.models.chapkit_rest_api_wrapper]
2026-09-22T20:16:41 [INFO   ] HTTP Request: GET http://localhost:8000/api/v1/jobs/01M355AQYPS6KBGMZZPG53T4N4 "HTTP/1.1 200 OK" [httpx]
2026-09-22T20:16:41 [INFO   ] Job 01M355AQYPS6KBGMZZPG53T4N4 status: running [chap_core.models.chapkit_rest_api_wrapper]
2026-09-22T20:16:43 [INFO   ] HTTP Request: GET http://localhost:8000/api/v1/jobs/01M355AQYPS6KBGMZZPG53T4N4 "HTTP/1.1 200 OK" [httpx]
2026-09-22T20:16:43 [INFO   ] Job 01M355AQYPS6KBGMZZPG53T4N4 status: running [chap_core.models.chapkit_rest_api_wrapper]
2026-09-22T20:16:45 [INFO   ] HTTP Request: GET http://localhost:8000/api/v1/jobs/01M355AQYPS6KBGMZZPG53T4N4 "HTTP/1.1 200 OK" [httpx]
2026-09-22T20:16:45 [INFO   ] Job 01M355AQYPS6KBGMZZPG53T4N4 status: running [chap_core.models.chapkit_rest_api_wrapper]
2026-09-22T20:16:47 [INFO   ] HTTP Request: GET http://localhost:8000/api/v1/jobs/01M355AQYPS6KBGMZZPG53T4N4 "HTTP/1.1 200 OK" [httpx]
2026-09-22T20:16:47 [INFO   ] Job 01M355AQYPS6KBGMZZPG53T4N4 status: running [chap_core.models.chapkit_rest_api_wrapper]
2026-09-22T20:16:49 [INFO   ] HTTP Request: GET http://localhost:8000/api/v1/jobs/01M355AQYPS6KBGMZZPG53T4N4 "HTTP/1.1 200 OK" [httpx]
2026-09-22T20:16:49 [INFO   ] Job 01M355AQYPS6KBGMZZPG53T4N4 status: running [chap_core.models.chapkit_rest_api_wrapper]
2026-09-22T20:16:51 [INFO   ] HTTP Request: GET http://localhost:8000/api/v1/jobs/01M355AQYPS6KBGMZZPG53T4N4 "HTTP/1.1 200 OK" [httpx]
2026-09-22T20:16:51 [INFO   ] Job 01M355AQYPS6KBGMZZPG53T4N4 status: running [chap_core.models.chapkit_rest_api_wrapper]
2026-09-22T20:16:53 [INFO   ] HTTP Request: GET http://localhost:8000/api/v1/jobs/01M355AQYPS6KBGMZZPG53T4N4 "HTTP/1.1 200 OK" [httpx]
2026-09-22T20:16:53 [INFO   ] Job 01M355AQYPS6KBGMZZPG53T4N4 status: running [chap_core.models.chapkit_rest_api_wrapper]
2026-09-22T20:16:55 [INFO   ] HTTP Request: GET http://localhost:8000/api/v1/jobs/01M355AQYPS6KBGMZZPG53T4N4 "HTTP/1.1 200 OK" [httpx]
2026-09-22T20:16:55 [INFO   ] Job 01M355AQYPS6KBGMZZPG53T4N4 status: running [chap_core.models.chapkit_rest_api_wrapper]
2026-09-22T20:16:58 [INFO   ] HTTP Request: GET http://localhost:8000/api/v1/jobs/01M355AQYPS6KBGMZZPG53T4N4 "HTTP/1.1 200 OK" [httpx]
2026-09-22T20:16:58 [INFO   ] Job 01M355AQYPS6KBGMZZPG53T4N4 status: running [chap_core.models.chapkit_rest_api_wrapper]
2026-09-22T20:17:00 [INFO   ] HTTP Request: GET http://localhost:8000/api/v1/jobs/01M355AQYPS6KBGMZZPG53T4N4 "HTTP/1.1 200 OK" [httpx]
2026-09-22T20:17:00 [INFO   ] Job 01M355AQYPS6KBGMZZPG53T4N4 status: running [chap_core.models.chapkit_rest_api_wrapper]
2026-09-22T20:17:02 [INFO   ] HTTP Request: GET http://localhost:8000/api/v1/jobs/01M355AQYPS6KBGMZZPG53T4N4 "HTTP/1.1 200 OK" [httpx]
2026-09-22T20:17:02 [INFO   ] Job 01M355AQYPS6KBGMZZPG53T4N4 status: running [chap_core.models.chapkit_rest_api_wrapper]
2026-09-22T20:17:04 [INFO   ] HTTP Request: GET http://localhost:8000/api/v1/jobs/01M355AQYPS6KBGMZZPG53T4N4 "HTTP/1.1 200 OK" [httpx]
2026-09-22T20:17:04 [INFO   ] Job 01M355AQYPS6KBGMZZPG53T4N4 status: running [chap_core.models.chapkit_rest_api_wrapper]
2026-09-22T20:17:06 [INFO   ] HTTP Request: GET http://localhost:8000/api/v1/jobs/01M355AQYPS6KBGMZZPG53T4N4 "HTTP/1.1 200 OK" [httpx]
2026-09-22T20:17:06 [INFO   ] Job 01M355AQYPS6KBGMZZPG53T4N4 status: running [chap_core.models.chapkit_rest_api_wrapper]
2026-09-22T20:17:08 [INFO   ] HTTP Request: GET http://localhost:8000/api/v1/jobs/01M355AQYPS6KBGMZZPG53T4N4 "HTTP/1.1 200 OK" [httpx]
2026-09-22T20:17:08 [INFO   ] Job 01M355AQYPS6KBGMZZPG53T4N4 status: running [chap_core.models.chapkit_rest_api_wrapper]
2026-09-22T20:17:10 [INFO   ] HTTP Request: GET http://localhost:8000/api/v1/jobs/01M355AQYPS6KBGMZZPG53T4N4 "HTTP/1.1 200 OK" [httpx]
2026-09-22T20:17:10 [INFO   ] Job 01M355AQYPS6KBGMZZPG53T4N4 status: running [chap_core.models.chapkit_rest_api_wrapper]
2026-09-22T20:17:12 [INFO   ] HTTP Request: GET http://localhost:8000/api/v1/jobs/01M355AQYPS6KBGMZZPG53T4N4 "HTTP/1.1 200 OK" [httpx]
2026-09-22T20:17:12 [INFO   ] Job 01M355AQYPS6KBGMZZPG53T4N4 status: completed [chap_core.models.chapkit_rest_api_wrapper]
2026-09-22T20:17:12 [INFO   ] HTTP Request: GET http://localhost:8000/api/v1/artifacts/01M355AQYPS6KBGMZZPG53T4N3 "HTTP/1.1 200 OK" [httpx]
2026-09-22T20:17:12 [INFO   ] HTTP Request: POST http://localhost:8000/api/v1/ml/$predict "HTTP/1.1 202 Accepted" [httpx]
2026-09-22T20:17:12 [INFO   ] HTTP Request: GET http://localhost:8000/api/v1/jobs/01M355C3HE9Z4JPEB0AQKHT9T8 "HTTP/1.1 200 OK" [httpx]
2026-09-22T20:17:12 [INFO   ] Job 01M355C3HE9Z4JPEB0AQKHT9T8 status: running [chap_core.models.chapkit_rest_api_wrapper]
2026-09-22T20:17:14 [INFO   ] HTTP Request: GET http://localhost:8000/api/v1/jobs/01M355C3HE9Z4JPEB0AQKHT9T8 "HTTP/1.1 200 OK" [httpx]
2026-09-22T20:17:14 [INFO   ] Job 01M355C3HE9Z4JPEB0AQKHT9T8 status: running [chap_core.models.chapkit_rest_api_wrapper]
2026-09-22T20:17:16 [INFO   ] HTTP Request: GET http://localhost:8000/api/v1/jobs/01M355C3HE9Z4JPEB0AQKHT9T8 "HTTP/1.1 200 OK" [httpx]
2026-09-22T20:17:16 [INFO   ] Job 01M355C3HE9Z4JPEB0AQKHT9T8 status: running [chap_core.models.chapkit_rest_api_wrapper]
2026-09-22T20:17:18 [INFO   ] HTTP Request: GET http://localhost:8000/api/v1/jobs/01M355C3HE9Z4JPEB0AQKHT9T8 "HTTP/1.1 200 OK" [httpx]
2026-09-22T20:17:18 [INFO   ] Job 01M355C3HE9Z4JPEB0AQKHT9T8 status: running [chap_core.models.chapkit_rest_api_wrapper]
2026-09-22T20:17:20 [INFO   ] HTTP Request: GET http://localhost:8000/api/v1/jobs/01M355C3HE9Z4JPEB0AQKHT9T8 "HTTP/1.1 200 OK" [httpx]
2026-09-22T20:17:20 [INFO   ] Job 01M355C3HE9Z4JPEB0AQKHT9T8 status: running [chap_core.models.chapkit_rest_api_wrapper]
2026-09-22T20:17:22 [INFO   ] HTTP Request: GET http://localhost:8000/api/v1/jobs/01M355C3HE9Z4JPEB0AQKHT9T8 "HTTP/1.1 200 OK" [httpx]
2026-09-22T20:17:22 [INFO   ] Job 01M355C3HE9Z4JPEB0AQKHT9T8 status: running [chap_core.models.chapkit_rest_api_wrapper]
2026-09-22T20:17:24 [INFO   ] HTTP Request: GET http://localhost:8000/api/v1/jobs/01M355C3HE9Z4JPEB0AQKHT9T8 "HTTP/1.1 200 OK" [httpx]
2026-09-22T20:17:24 [INFO   ] Job 01M355C3HE9Z4JPEB0AQKHT9T8 status: running [chap_core.models.chapkit_rest_api_wrapper]
2026-09-22T20:17:26 [INFO   ] HTTP Request: GET http://localhost:8000/api/v1/jobs/01M355C3HE9Z4JPEB0AQKHT9T8 "HTTP/1.1 200 OK" [httpx]
2026-09-22T20:17:26 [INFO   ] Job 01M355C3HE9Z4JPEB0AQKHT9T8 status: running [chap_core.models.chapkit_rest_api_wrapper]
2026-09-22T20:17:28 [INFO   ] HTTP Request: GET http://localhost:8000/api/v1/jobs/01M355C3HE9Z4JPEB0AQKHT9T8 "HTTP/1.1 200 OK" [httpx]
2026-09-22T20:17:28 [INFO   ] Job 01M355C3HE9Z4JPEB0AQKHT9T8 status: running [chap_core.models.chapkit_rest_api_wrapper]
2026-09-22T20:17:30 [INFO   ] HTTP Request: GET http://localhost:8000/api/v1/jobs/01M355C3HE9Z4JPEB0AQKHT9T8 "HTTP/1.1 200 OK" [httpx]
2026-09-22T20:17:30 [INFO   ] Job 01M355C3HE9Z4JPEB0AQKHT9T8 status: running [chap_core.models.chapkit_rest_api_wrapper]
2026-09-22T20:17:32 [INFO   ] HTTP Request: GET http://localhost:8000/api/v1/jobs/01M355C3HE9Z4JPEB0AQKHT9T8 "HTTP/1.1 200 OK" [httpx]
2026-09-22T20:17:32 [INFO   ] Job 01M355C3HE9Z4JPEB0AQKHT9T8 status: running [chap_core.models.chapkit_rest_api_wrapper]
2026-09-22T20:17:34 [INFO   ] HTTP Request: GET http://localhost:8000/api/v1/jobs/01M355C3HE9Z4JPEB0AQKHT9T8 "HTTP/1.1 200 OK" [httpx]
2026-09-22T20:17:34 [INFO   ] Job 01M355C3HE9Z4JPEB0AQKHT9T8 status: running [chap_core.models.chapkit_rest_api_wrapper]
2026-09-22T20:17:36 [INFO   ] HTTP Request: GET http://localhost:8000/api/v1/jobs/01M355C3HE9Z4JPEB0AQKHT9T8 "HTTP/1.1 200 OK" [httpx]
2026-09-22T20:17:36 [INFO   ] Job 01M355C3HE9Z4JPEB0AQKHT9T8 status: running [chap_core.models.chapkit_rest_api_wrapper]
2026-09-22T20:17:38 [INFO   ] HTTP Request: GET http://localhost:8000/api/v1/jobs/01M355C3HE9Z4JPEB0AQKHT9T8 "HTTP/1.1 200 OK" [httpx]
2026-09-22T20:17:38 [INFO   ] Job 01M355C3HE9Z4JPEB0AQKHT9T8 status: running [chap_core.models.chapkit_rest_api_wrapper]
2026-09-22T20:17:40 [INFO   ] HTTP Request: GET http://localhost:8000/api/v1/jobs/01M355C3HE9Z4JPEB0AQKHT9T8 "HTTP/1.1 200 OK" [httpx]
2026-09-22T20:17:40 [INFO   ] Job 01M355C3HE9Z4JPEB0AQKHT9T8 status: running [chap_core.models.chapkit_rest_api_wrapper]
2026-09-22T20:17:42 [INFO   ] HTTP Request: GET http://localhost:8000/api/v1/jobs/01M355C3HE9Z4JPEB0AQKHT9T8 "HTTP/1.1 200 OK" [httpx]
2026-09-22T20:17:42 [INFO   ] Job 01M355C3HE9Z4JPEB0AQKHT9T8 status: running [chap_core.models.chapkit_rest_api_wrapper]
2026-09-22T20:17:44 [INFO   ] HTTP Request: GET http://localhost:8000/api/v1/jobs/01M355C3HE9Z4JPEB0AQKHT9T8 "HTTP/1.1 200 OK" [httpx]
2026-09-22T20:17:44 [INFO   ] Job 01M355C3HE9Z4JPEB0AQKHT9T8 status: running [chap_core.models.chapkit_rest_api_wrapper]
2026-09-22T20:17:46 [INFO   ] HTTP Request: GET http://localhost:8000/api/v1/jobs/01M355C3HE9Z4JPEB0AQKHT9T8 "HTTP/1.1 200 OK" [httpx]
2026-09-22T20:17:46 [INFO   ] Job 01M355C3HE9Z4JPEB0AQKHT9T8 status: running [chap_core.models.chapkit_rest_api_wrapper]
2026-09-22T20:17:48 [INFO   ] HTTP Request: GET http://localhost:8000/api/v1/jobs/01M355C3HE9Z4JPEB0AQKHT9T8 "HTTP/1.1 200 OK" [httpx]
2026-09-22T20:17:48 [INFO   ] Job 01M355C3HE9Z4JPEB0AQKHT9T8 status: running [chap_core.models.chapkit_rest_api_wrapper]
2026-09-22T20:17:50 [INFO   ] HTTP Request: GET http://localhost:8000/api/v1/jobs/01M355C3HE9Z4JPEB0AQKHT9T8 "HTTP/1.1 200 OK" [httpx]
2026-09-22T20:17:50 [INFO   ] Job 01M355C3HE9Z4JPEB0AQKHT9T8 status: running [chap_core.models.chapkit_rest_api_wrapper]
2026-09-22T20:17:52 [INFO   ] HTTP Request: GET http://localhost:8000/api/v1/jobs/01M355C3HE9Z4JPEB0AQKHT9T8 "HTTP/1.1 200 OK" [httpx]
2026-09-22T20:17:52 [INFO   ] Job 01M355C3HE9Z4JPEB0AQKHT9T8 status: running [chap_core.models.chapkit_rest_api_wrapper]
2026-09-22T20:17:54 [INFO   ] HTTP Request: GET http://localhost:8000/api/v1/jobs/01M355C3HE9Z4JPEB0AQKHT9T8 "HTTP/1.1 200 OK" [httpx]
2026-09-22T20:17:54 [INFO   ] Job 01M355C3HE9Z4JPEB0AQKHT9T8 status: running [chap_core.models.chapkit_rest_api_wrapper]
2026-09-22T20:17:57 [INFO   ] HTTP Request: GET http://localhost:8000/api/v1/jobs/01M355C3HE9Z4JPEB0AQKHT9T8 "HTTP/1.1 200 OK" [httpx]
2026-09-22T20:17:57 [INFO   ] Job 01M355C3HE9Z4JPEB0AQKHT9T8 status: running [chap_core.models.chapkit_rest_api_wrapper]
2026-09-22T20:17:59 [INFO   ] HTTP Request: GET http://localhost:8000/api/v1/jobs/01M355C3HE9Z4JPEB0AQKHT9T8 "HTTP/1.1 200 OK" [httpx]
2026-09-22T20:17:59 [INFO   ] Job 01M355C3HE9Z4JPEB0AQKHT9T8 status: completed [chap_core.models.chapkit_rest_api_wrapper]
2026-09-22T20:17:59 [INFO   ] HTTP Request: GET http://localhost:8000/api/v1/artifacts/01M355C3HE9Z4JPEB0AQKHT9T7 "HTTP/1.1 200 OK" [httpx]
2026-09-22T20:17:59 [INFO   ] HTTP Request: POST http://localhost:8000/api/v1/ml/$predict "HTTP/1.1 202 Accepted" [httpx]
2026-09-22T20:17:59 [INFO   ] HTTP Request: GET http://localhost:8000/api/v1/jobs/01M355DHN4V4TMAP7J8S4GPFP0 "HTTP/1.1 200 OK" [httpx]
2026-09-22T20:17:59 [INFO   ] Job 01M355DHN4V4TMAP7J8S4GPFP0 status: running [chap_core.models.chapkit_rest_api_wrapper]
2026-09-22T20:18:01 [INFO   ] HTTP Request: GET http://localhost:8000/api/v1/jobs/01M355DHN4V4TMAP7J8S4GPFP0 "HTTP/1.1 200 OK" [httpx]
2026-09-22T20:18:01 [INFO   ] Job 01M355DHN4V4TMAP7J8S4GPFP0 status: running [chap_core.models.chapkit_rest_api_wrapper]
2026-09-22T20:18:03 [INFO   ] HTTP Request: GET http://localhost:8000/api/v1/jobs/01M355DHN4V4TMAP7J8S4GPFP0 "HTTP/1.1 200 OK" [httpx]
2026-09-22T20:18:03 [INFO   ] Job 01M355DHN4V4TMAP7J8S4GPFP0 status: running [chap_core.models.chapkit_rest_api_wrapper]
2026-09-22T20:18:05 [INFO   ] HTTP Request: GET http://localhost:8000/api/v1/jobs/01M355DHN4V4TMAP7J8S4GPFP0 "HTTP/1.1 200 OK" [httpx]
2026-09-22T20:18:05 [INFO   ] Job 01M355DHN4V4TMAP7J8S4GPFP0 status: running [chap_core.models.chapkit_rest_api_wrapper]
2026-09-22T20:18:07 [INFO   ] HTTP Request: GET http://localhost:8000/api/v1/jobs/01M355DHN4V4TMAP7J8S4GPFP0 "HTTP/1.1 200 OK" [httpx]
2026-09-22T20:18:07 [INFO   ] Job 01M355DHN4V4TMAP7J8S4GPFP0 status: running [chap_core.models.chapkit_rest_api_wrapper]
2026-09-22T20:18:09 [INFO   ] HTTP Request: GET http://localhost:8000/api/v1/jobs/01M355DHN4V4TMAP7J8S4GPFP0 "HTTP/1.1 200 OK" [httpx]
2026-09-22T20:18:09 [INFO   ] Job 01M355DHN4V4TMAP7J8S4GPFP0 status: running [chap_core.models.chapkit_rest_api_wrapper]
2026-09-22T20:18:11 [INFO   ] HTTP Request: GET http://localhost:8000/api/v1/jobs/01M355DHN4V4TMAP7J8S4GPFP0 "HTTP/1.1 200 OK" [httpx]
2026-09-22T20:18:11 [INFO   ] Job 01M355DHN4V4TMAP7J8S4GPFP0 status: running [chap_core.models.chapkit_rest_api_wrapper]
2026-09-22T20:18:13 [INFO   ] HTTP Request: GET http://localhost:8000/api/v1/jobs/01M355DHN4V4TMAP7J8S4GPFP0 "HTTP/1.1 200 OK" [httpx]
2026-09-22T20:18:13 [INFO   ] Job 01M355DHN4V4TMAP7J8S4GPFP0 status: running [chap_core.models.chapkit_rest_api_wrapper]
2026-09-22T20:18:15 [INFO   ] HTTP Request: GET http://localhost:8000/api/v1/jobs/01M355DHN4V4TMAP7J8S4GPFP0 "HTTP/1.1 200 OK" [httpx]
2026-09-22T20:18:15 [INFO   ] Job 01M355DHN4V4TMAP7J8S4GPFP0 status: running [chap_core.models.chapkit_rest_api_wrapper]
2026-09-22T20:18:17 [INFO   ] HTTP Request: GET http://localhost:8000/api/v1/jobs/01M355DHN4V4TMAP7J8S4GPFP0 "HTTP/1.1 200 OK" [httpx]
2026-09-22T20:18:17 [INFO   ] Job 01M355DHN4V4TMAP7J8S4GPFP0 status: running [chap_core.models.chapkit_rest_api_wrapper]
2026-09-22T20:18:19 [INFO   ] HTTP Request: GET http://localhost:8000/api/v1/jobs/01M355DHN4V4TMAP7J8S4GPFP0 "HTTP/1.1 200 OK" [httpx]
2026-09-22T20:18:19 [INFO   ] Job 01M355DHN4V4TMAP7J8S4GPFP0 status: running [chap_core.models.chapkit_rest_api_wrapper]
2026-09-22T20:18:21 [INFO   ] HTTP Request: GET http://localhost:8000/api/v1/jobs/01M355DHN4V4TMAP7J8S4GPFP0 "HTTP/1.1 200 OK" [httpx]
2026-09-22T20:18:21 [INFO   ] Job 01M355DHN4V4TMAP7J8S4GPFP0 status: running [chap_core.models.chapkit_rest_api_wrapper]
2026-09-22T20:18:23 [INFO   ] HTTP Request: GET http://localhost:8000/api/v1/jobs/01M355DHN4V4TMAP7J8S4GPFP0 "HTTP/1.1 200 OK" [httpx]
2026-09-22T20:18:23 [INFO   ] Job 01M355DHN4V4TMAP7J8S4GPFP0 status: running [chap_core.models.chapkit_rest_api_wrapper]
2026-09-22T20:18:25 [INFO   ] HTTP Request: GET http://localhost:8000/api/v1/jobs/01M355DHN4V4TMAP7J8S4GPFP0 "HTTP/1.1 200 OK" [httpx]
2026-09-22T20:18:25 [INFO   ] Job 01M355DHN4V4TMAP7J8S4GPFP0 status: running [chap_core.models.chapkit_rest_api_wrapper]
2026-09-22T20:18:27 [INFO   ] HTTP Request: GET http://localhost:8000/api/v1/jobs/01M355DHN4V4TMAP7J8S4GPFP0 "HTTP/1.1 200 OK" [httpx]
2026-09-22T20:18:27 [INFO   ] Job 01M355DHN4V4TMAP7J8S4GPFP0 status: running [chap_core.models.chapkit_rest_api_wrapper]
2026-09-22T20:18:29 [INFO   ] HTTP Request: GET http://localhost:8000/api/v1/jobs/01M355DHN4V4TMAP7J8S4GPFP0 "HTTP/1.1 200 OK" [httpx]
2026-09-22T20:18:29 [INFO   ] Job 01M355DHN4V4TMAP7J8S4GPFP0 status: running [chap_core.models.chapkit_rest_api_wrapper]
2026-09-22T20:18:31 [INFO   ] HTTP Request: GET http://localhost:8000/api/v1/jobs/01M355DHN4V4TMAP7J8S4GPFP0 "HTTP/1.1 200 OK" [httpx]
2026-09-22T20:18:31 [INFO   ] Job 01M355DHN4V4TMAP7J8S4GPFP0 status: running [chap_core.models.chapkit_rest_api_wrapper]
2026-09-22T20:18:33 [INFO   ] HTTP Request: GET http://localhost:8000/api/v1/jobs/01M355DHN4V4TMAP7J8S4GPFP0 "HTTP/1.1 200 OK" [httpx]
2026-09-22T20:18:33 [INFO   ] Job 01M355DHN4V4TMAP7J8S4GPFP0 status: running [chap_core.models.chapkit_rest_api_wrapper]
2026-09-22T20:18:35 [INFO   ] HTTP Request: GET http://localhost:8000/api/v1/jobs/01M355DHN4V4TMAP7J8S4GPFP0 "HTTP/1.1 200 OK" [httpx]
2026-09-22T20:18:35 [INFO   ] Job 01M355DHN4V4TMAP7J8S4GPFP0 status: running [chap_core.models.chapkit_rest_api_wrapper]
2026-09-22T20:18:37 [INFO   ] HTTP Request: GET http://localhost:8000/api/v1/jobs/01M355DHN4V4TMAP7J8S4GPFP0 "HTTP/1.1 200 OK" [httpx]
2026-09-22T20:18:37 [INFO   ] Job 01M355DHN4V4TMAP7J8S4GPFP0 status: running [chap_core.models.chapkit_rest_api_wrapper]
2026-09-22T20:18:39 [INFO   ] HTTP Request: GET http://localhost:8000/api/v1/jobs/01M355DHN4V4TMAP7J8S4GPFP0 "HTTP/1.1 200 OK" [httpx]
2026-09-22T20:18:39 [INFO   ] Job 01M355DHN4V4TMAP7J8S4GPFP0 status: running [chap_core.models.chapkit_rest_api_wrapper]
2026-09-22T20:18:41 [INFO   ] HTTP Request: GET http://localhost:8000/api/v1/jobs/01M355DHN4V4TMAP7J8S4GPFP0 "HTTP/1.1 200 OK" [httpx]
2026-09-22T20:18:41 [INFO   ] Job 01M355DHN4V4TMAP7J8S4GPFP0 status: running [chap_core.models.chapkit_rest_api_wrapper]
2026-09-22T20:18:43 [INFO   ] HTTP Request: GET http://localhost:8000/api/v1/jobs/01M355DHN4V4TMAP7J8S4GPFP0 "HTTP/1.1 200 OK" [httpx]
2026-09-22T20:18:43 [INFO   ] Job 01M355DHN4V4TMAP7J8S4GPFP0 status: running [chap_core.models.chapkit_rest_api_wrapper]
2026-09-22T20:18:45 [INFO   ] HTTP Request: GET http://localhost:8000/api/v1/jobs/01M355DHN4V4TMAP7J8S4GPFP0 "HTTP/1.1 200 OK" [httpx]
2026-09-22T20:18:45 [INFO   ] Job 01M355DHN4V4TMAP7J8S4GPFP0 status: completed [chap_core.models.chapkit_rest_api_wrapper]
2026-09-22T20:18:45 [INFO   ] HTTP Request: GET http://localhost:8000/api/v1/artifacts/01M355DHN38R4HR5DB7EPZKKG7 "HTTP/1.1 200 OK" [httpx]
2026-09-22T20:18:46 [INFO   ] HTTP Request: POST http://localhost:8000/api/v1/ml/$predict "HTTP/1.1 202 Accepted" [httpx]
2026-09-22T20:18:46 [INFO   ] HTTP Request: GET http://localhost:8000/api/v1/jobs/01M355EZ9W9R55N8DAF3VNYC1X "HTTP/1.1 200 OK" [httpx]
2026-09-22T20:18:46 [INFO   ] Job 01M355EZ9W9R55N8DAF3VNYC1X status: running [chap_core.models.chapkit_rest_api_wrapper]
2026-09-22T20:18:48 [INFO   ] HTTP Request: GET http://localhost:8000/api/v1/jobs/01M355EZ9W9R55N8DAF3VNYC1X "HTTP/1.1 200 OK" [httpx]
2026-09-22T20:18:48 [INFO   ] Job 01M355EZ9W9R55N8DAF3VNYC1X status: running [chap_core.models.chapkit_rest_api_wrapper]
2026-09-22T20:18:50 [INFO   ] HTTP Request: GET http://localhost:8000/api/v1/jobs/01M355EZ9W9R55N8DAF3VNYC1X "HTTP/1.1 200 OK" [httpx]
2026-09-22T20:18:50 [INFO   ] Job 01M355EZ9W9R55N8DAF3VNYC1X status: running [chap_core.models.chapkit_rest_api_wrapper]
2026-09-22T20:18:52 [INFO   ] HTTP Request: GET http://localhost:8000/api/v1/jobs/01M355EZ9W9R55N8DAF3VNYC1X "HTTP/1.1 200 OK" [httpx]
2026-09-22T20:18:52 [INFO   ] Job 01M355EZ9W9R55N8DAF3VNYC1X status: running [chap_core.models.chapkit_rest_api_wrapper]
2026-09-22T20:18:54 [INFO   ] HTTP Request: GET http://localhost:8000/api/v1/jobs/01M355EZ9W9R55N8DAF3VNYC1X "HTTP/1.1 200 OK" [httpx]
2026-09-22T20:18:54 [INFO   ] Job 01M355EZ9W9R55N8DAF3VNYC1X status: running [chap_core.models.chapkit_rest_api_wrapper]
2026-09-22T20:18:56 [INFO   ] HTTP Request: GET http://localhost:8000/api/v1/jobs/01M355EZ9W9R55N8DAF3VNYC1X "HTTP/1.1 200 OK" [httpx]
2026-09-22T20:18:56 [INFO   ] Job 01M355EZ9W9R55N8DAF3VNYC1X status: running [chap_core.models.chapkit_rest_api_wrapper]
2026-09-22T20:18:58 [INFO   ] HTTP Request: GET http://localhost:8000/api/v1/jobs/01M355EZ9W9R55N8DAF3VNYC1X "HTTP/1.1 200 OK" [httpx]
2026-09-22T20:18:58 [INFO   ] Job 01M355EZ9W9R55N8DAF3VNYC1X status: running [chap_core.models.chapkit_rest_api_wrapper]
2026-09-22T20:19:00 [INFO   ] HTTP Request: GET http://localhost:8000/api/v1/jobs/01M355EZ9W9R55N8DAF3VNYC1X "HTTP/1.1 200 OK" [httpx]
2026-09-22T20:19:00 [INFO   ] Job 01M355EZ9W9R55N8DAF3VNYC1X status: running [chap_core.models.chapkit_rest_api_wrapper]
2026-09-22T20:19:02 [INFO   ] HTTP Request: GET http://localhost:8000/api/v1/jobs/01M355EZ9W9R55N8DAF3VNYC1X "HTTP/1.1 200 OK" [httpx]
2026-09-22T20:19:02 [INFO   ] Job 01M355EZ9W9R55N8DAF3VNYC1X status: running [chap_core.models.chapkit_rest_api_wrapper]
2026-09-22T20:19:04 [INFO   ] HTTP Request: GET http://localhost:8000/api/v1/jobs/01M355EZ9W9R55N8DAF3VNYC1X "HTTP/1.1 200 OK" [httpx]
2026-09-22T20:19:04 [INFO   ] Job 01M355EZ9W9R55N8DAF3VNYC1X status: running [chap_core.models.chapkit_rest_api_wrapper]
2026-09-22T20:19:06 [INFO   ] HTTP Request: GET http://localhost:8000/api/v1/jobs/01M355EZ9W9R55N8DAF3VNYC1X "HTTP/1.1 200 OK" [httpx]
2026-09-22T20:19:06 [INFO   ] Job 01M355EZ9W9R55N8DAF3VNYC1X status: running [chap_core.models.chapkit_rest_api_wrapper]
2026-09-22T20:19:08 [INFO   ] HTTP Request: GET http://localhost:8000/api/v1/jobs/01M355EZ9W9R55N8DAF3VNYC1X "HTTP/1.1 200 OK" [httpx]
2026-09-22T20:19:08 [INFO   ] Job 01M355EZ9W9R55N8DAF3VNYC1X status: running [chap_core.models.chapkit_rest_api_wrapper]
2026-09-22T20:19:10 [INFO   ] HTTP Request: GET http://localhost:8000/api/v1/jobs/01M355EZ9W9R55N8DAF3VNYC1X "HTTP/1.1 200 OK" [httpx]
2026-09-22T20:19:10 [INFO   ] Job 01M355EZ9W9R55N8DAF3VNYC1X status: running [chap_core.models.chapkit_rest_api_wrapper]
2026-09-22T20:19:12 [INFO   ] HTTP Request: GET http://localhost:8000/api/v1/jobs/01M355EZ9W9R55N8DAF3VNYC1X "HTTP/1.1 200 OK" [httpx]
2026-09-22T20:19:12 [INFO   ] Job 01M355EZ9W9R55N8DAF3VNYC1X status: running [chap_core.models.chapkit_rest_api_wrapper]
2026-09-22T20:19:14 [INFO   ] HTTP Request: GET http://localhost:8000/api/v1/jobs/01M355EZ9W9R55N8DAF3VNYC1X "HTTP/1.1 200 OK" [httpx]
2026-09-22T20:19:14 [INFO   ] Job 01M355EZ9W9R55N8DAF3VNYC1X status: running [chap_core.models.chapkit_rest_api_wrapper]
2026-09-22T20:19:16 [INFO   ] HTTP Request: GET http://localhost:8000/api/v1/jobs/01M355EZ9W9R55N8DAF3VNYC1X "HTTP/1.1 200 OK" [httpx]
2026-09-22T20:19:16 [INFO   ] Job 01M355EZ9W9R55N8DAF3VNYC1X status: running [chap_core.models.chapkit_rest_api_wrapper]
2026-09-22T20:19:18 [INFO   ] HTTP Request: GET http://localhost:8000/api/v1/jobs/01M355EZ9W9R55N8DAF3VNYC1X "HTTP/1.1 200 OK" [httpx]
2026-09-22T20:19:18 [INFO   ] Job 01M355EZ9W9R55N8DAF3VNYC1X status: running [chap_core.models.chapkit_rest_api_wrapper]
2026-09-22T20:19:20 [INFO   ] HTTP Request: GET http://localhost:8000/api/v1/jobs/01M355EZ9W9R55N8DAF3VNYC1X "HTTP/1.1 200 OK" [httpx]
2026-09-22T20:19:20 [INFO   ] Job 01M355EZ9W9R55N8DAF3VNYC1X status: running [chap_core.models.chapkit_rest_api_wrapper]
2026-09-22T20:19:22 [INFO   ] HTTP Request: GET http://localhost:8000/api/v1/jobs/01M355EZ9W9R55N8DAF3VNYC1X "HTTP/1.1 200 OK" [httpx]
2026-09-22T20:19:22 [INFO   ] Job 01M355EZ9W9R55N8DAF3VNYC1X status: running [chap_core.models.chapkit_rest_api_wrapper]
2026-09-22T20:19:24 [INFO   ] HTTP Request: GET http://localhost:8000/api/v1/jobs/01M355EZ9W9R55N8DAF3VNYC1X "HTTP/1.1 200 OK" [httpx]
2026-09-22T20:19:24 [INFO   ] Job 01M355EZ9W9R55N8DAF3VNYC1X status: running [chap_core.models.chapkit_rest_api_wrapper]
2026-09-22T20:19:26 [INFO   ] HTTP Request: GET http://localhost:8000/api/v1/jobs/01M355EZ9W9R55N8DAF3VNYC1X "HTTP/1.1 200 OK" [httpx]
2026-09-22T20:19:26 [INFO   ] Job 01M355EZ9W9R55N8DAF3VNYC1X status: running [chap_core.models.chapkit_rest_api_wrapper]
2026-09-22T20:19:28 [INFO   ] HTTP Request: GET http://localhost:8000/api/v1/jobs/01M355EZ9W9R55N8DAF3VNYC1X "HTTP/1.1 200 OK" [httpx]
2026-09-22T20:19:28 [INFO   ] Job 01M355EZ9W9R55N8DAF3VNYC1X status: running [chap_core.models.chapkit_rest_api_wrapper]
2026-09-22T20:19:30 [INFO   ] HTTP Request: GET http://localhost:8000/api/v1/jobs/01M355EZ9W9R55N8DAF3VNYC1X "HTTP/1.1 200 OK" [httpx]
2026-09-22T20:19:30 [INFO   ] Job 01M355EZ9W9R55N8DAF3VNYC1X status: running [chap_core.models.chapkit_rest_api_wrapper]
2026-09-22T20:19:32 [INFO   ] HTTP Request: GET http://localhost:8000/api/v1/jobs/01M355EZ9W9R55N8DAF3VNYC1X "HTTP/1.1 200 OK" [httpx]
2026-09-22T20:19:32 [INFO   ] Job 01M355EZ9W9R55N8DAF3VNYC1X status: completed [chap_core.models.chapkit_rest_api_wrapper]
2026-09-22T20:19:32 [INFO   ] HTTP Request: GET http://localhost:8000/api/v1/artifacts/01M355EZ9W9R55N8DAF3VNYC1W "HTTP/1.1 200 OK" [httpx]
2026-09-22T20:19:33 [INFO   ] HTTP Request: POST http://localhost:8000/api/v1/ml/$predict "HTTP/1.1 202 Accepted" [httpx]
2026-09-22T20:19:33 [INFO   ] HTTP Request: GET http://localhost:8000/api/v1/jobs/01M355GCVR4Z30TXMVSJHJ0FE0 "HTTP/1.1 200 OK" [httpx]
2026-09-22T20:19:33 [INFO   ] Job 01M355GCVR4Z30TXMVSJHJ0FE0 status: running [chap_core.models.chapkit_rest_api_wrapper]
2026-09-22T20:19:35 [INFO   ] HTTP Request: GET http://localhost:8000/api/v1/jobs/01M355GCVR4Z30TXMVSJHJ0FE0 "HTTP/1.1 200 OK" [httpx]
2026-09-22T20:19:35 [INFO   ] Job 01M355GCVR4Z30TXMVSJHJ0FE0 status: running [chap_core.models.chapkit_rest_api_wrapper]
2026-09-22T20:19:37 [INFO   ] HTTP Request: GET http://localhost:8000/api/v1/jobs/01M355GCVR4Z30TXMVSJHJ0FE0 "HTTP/1.1 200 OK" [httpx]
2026-09-22T20:19:37 [INFO   ] Job 01M355GCVR4Z30TXMVSJHJ0FE0 status: running [chap_core.models.chapkit_rest_api_wrapper]
2026-09-22T20:19:39 [INFO   ] HTTP Request: GET http://localhost:8000/api/v1/jobs/01M355GCVR4Z30TXMVSJHJ0FE0 "HTTP/1.1 200 OK" [httpx]
2026-09-22T20:19:39 [INFO   ] Job 01M355GCVR4Z30TXMVSJHJ0FE0 status: running [chap_core.models.chapkit_rest_api_wrapper]
2026-09-22T20:19:41 [INFO   ] HTTP Request: GET http://localhost:8000/api/v1/jobs/01M355GCVR4Z30TXMVSJHJ0FE0 "HTTP/1.1 200 OK" [httpx]
2026-09-22T20:19:41 [INFO   ] Job 01M355GCVR4Z30TXMVSJHJ0FE0 status: running [chap_core.models.chapkit_rest_api_wrapper]
2026-09-22T20:19:43 [INFO   ] HTTP Request: GET http://localhost:8000/api/v1/jobs/01M355GCVR4Z30TXMVSJHJ0FE0 "HTTP/1.1 200 OK" [httpx]
2026-09-22T20:19:43 [INFO   ] Job 01M355GCVR4Z30TXMVSJHJ0FE0 status: running [chap_core.models.chapkit_rest_api_wrapper]
2026-09-22T20:19:45 [INFO   ] HTTP Request: GET http://localhost:8000/api/v1/jobs/01M355GCVR4Z30TXMVSJHJ0FE0 "HTTP/1.1 200 OK" [httpx]
2026-09-22T20:19:45 [INFO   ] Job 01M355GCVR4Z30TXMVSJHJ0FE0 status: running [chap_core.models.chapkit_rest_api_wrapper]
2026-09-22T20:19:47 [INFO   ] HTTP Request: GET http://localhost:8000/api/v1/jobs/01M355GCVR4Z30TXMVSJHJ0FE0 "HTTP/1.1 200 OK" [httpx]
2026-09-22T20:19:47 [INFO   ] Job 01M355GCVR4Z30TXMVSJHJ0FE0 status: running [chap_core.models.chapkit_rest_api_wrapper]
2026-09-22T20:19:49 [INFO   ] HTTP Request: GET http://localhost:8000/api/v1/jobs/01M355GCVR4Z30TXMVSJHJ0FE0 "HTTP/1.1 200 OK" [httpx]
2026-09-22T20:19:49 [INFO   ] Job 01M355GCVR4Z30TXMVSJHJ0FE0 status: running [chap_core.models.chapkit_rest_api_wrapper]
2026-09-22T20:19:51 [INFO   ] HTTP Request: GET http://localhost:8000/api/v1/jobs/01M355GCVR4Z30TXMVSJHJ0FE0 "HTTP/1.1 200 OK" [httpx]
2026-09-22T20:19:51 [INFO   ] Job 01M355GCVR4Z30TXMVSJHJ0FE0 status: running [chap_core.models.chapkit_rest_api_wrapper]
2026-09-22T20:19:53 [INFO   ] HTTP Request: GET http://localhost:8000/api/v1/jobs/01M355GCVR4Z30TXMVSJHJ0FE0 "HTTP/1.1 200 OK" [httpx]
2026-09-22T20:19:53 [INFO   ] Job 01M355GCVR4Z30TXMVSJHJ0FE0 status: running [chap_core.models.chapkit_rest_api_wrapper]
2026-09-22T20:19:55 [INFO   ] HTTP Request: GET http://localhost:8000/api/v1/jobs/01M355GCVR4Z30TXMVSJHJ0FE0 "HTTP/1.1 200 OK" [httpx]
2026-09-22T20:19:55 [INFO   ] Job 01M355GCVR4Z30TXMVSJHJ0FE0 status: running [chap_core.models.chapkit_rest_api_wrapper]
2026-09-22T20:19:57 [INFO   ] HTTP Request: GET http://localhost:8000/api/v1/jobs/01M355GCVR4Z30TXMVSJHJ0FE0 "HTTP/1.1 200 OK" [httpx]
2026-09-22T20:19:57 [INFO   ] Job 01M355GCVR4Z30TXMVSJHJ0FE0 status: running [chap_core.models.chapkit_rest_api_wrapper]
2026-09-22T20:19:59 [INFO   ] HTTP Request: GET http://localhost:8000/api/v1/jobs/01M355GCVR4Z30TXMVSJHJ0FE0 "HTTP/1.1 200 OK" [httpx]
2026-09-22T20:19:59 [INFO   ] Job 01M355GCVR4Z30TXMVSJHJ0FE0 status: running [chap_core.models.chapkit_rest_api_wrapper]
2026-09-22T20:20:01 [INFO   ] HTTP Request: GET http://localhost:8000/api/v1/jobs/01M355GCVR4Z30TXMVSJHJ0FE0 "HTTP/1.1 200 OK" [httpx]
2026-09-22T20:20:01 [INFO   ] Job 01M355GCVR4Z30TXMVSJHJ0FE0 status: running [chap_core.models.chapkit_rest_api_wrapper]
2026-09-22T20:20:03 [INFO   ] HTTP Request: GET http://localhost:8000/api/v1/jobs/01M355GCVR4Z30TXMVSJHJ0FE0 "HTTP/1.1 200 OK" [httpx]
2026-09-22T20:20:03 [INFO   ] Job 01M355GCVR4Z30TXMVSJHJ0FE0 status: running [chap_core.models.chapkit_rest_api_wrapper]
2026-09-22T20:20:05 [INFO   ] HTTP Request: GET http://localhost:8000/api/v1/jobs/01M355GCVR4Z30TXMVSJHJ0FE0 "HTTP/1.1 200 OK" [httpx]
2026-09-22T20:20:05 [INFO   ] Job 01M355GCVR4Z30TXMVSJHJ0FE0 status: running [chap_core.models.chapkit_rest_api_wrapper]
2026-09-22T20:20:07 [INFO   ] HTTP Request: GET http://localhost:8000/api/v1/jobs/01M355GCVR4Z30TXMVSJHJ0FE0 "HTTP/1.1 200 OK" [httpx]
2026-09-22T20:20:07 [INFO   ] Job 01M355GCVR4Z30TXMVSJHJ0FE0 status: running [chap_core.models.chapkit_rest_api_wrapper]
2026-09-22T20:20:09 [INFO   ] HTTP Request: GET http://localhost:8000/api/v1/jobs/01M355GCVR4Z30TXMVSJHJ0FE0 "HTTP/1.1 200 OK" [httpx]
2026-09-22T20:20:09 [INFO   ] Job 01M355GCVR4Z30TXMVSJHJ0FE0 status: running [chap_core.models.chapkit_rest_api_wrapper]
2026-09-22T20:20:11 [INFO   ] HTTP Request: GET http://localhost:8000/api/v1/jobs/01M355GCVR4Z30TXMVSJHJ0FE0 "HTTP/1.1 200 OK" [httpx]
2026-09-22T20:20:11 [INFO   ] Job 01M355GCVR4Z30TXMVSJHJ0FE0 status: running [chap_core.models.chapkit_rest_api_wrapper]
2026-09-22T20:20:13 [INFO   ] HTTP Request: GET http://localhost:8000/api/v1/jobs/01M355GCVR4Z30TXMVSJHJ0FE0 "HTTP/1.1 200 OK" [httpx]
2026-09-22T20:20:13 [INFO   ] Job 01M355GCVR4Z30TXMVSJHJ0FE0 status: running [chap_core.models.chapkit_rest_api_wrapper]
2026-09-22T20:20:15 [INFO   ] HTTP Request: GET http://localhost:8000/api/v1/jobs/01M355GCVR4Z30TXMVSJHJ0FE0 "HTTP/1.1 200 OK" [httpx]
2026-09-22T20:20:15 [INFO   ] Job 01M355GCVR4Z30TXMVSJHJ0FE0 status: running [chap_core.models.chapkit_rest_api_wrapper]
2026-09-22T20:20:17 [INFO   ] HTTP Request: GET http://localhost:8000/api/v1/jobs/01M355GCVR4Z30TXMVSJHJ0FE0 "HTTP/1.1 200 OK" [httpx]
2026-09-22T20:20:17 [INFO   ] Job 01M355GCVR4Z30TXMVSJHJ0FE0 status: running [chap_core.models.chapkit_rest_api_wrapper]
2026-09-22T20:20:19 [INFO   ] HTTP Request: GET http://localhost:8000/api/v1/jobs/01M355GCVR4Z30TXMVSJHJ0FE0 "HTTP/1.1 200 OK" [httpx]
2026-09-22T20:20:19 [INFO   ] Job 01M355GCVR4Z30TXMVSJHJ0FE0 status: completed [chap_core.models.chapkit_rest_api_wrapper]
2026-09-22T20:20:19 [INFO   ] HTTP Request: GET http://localhost:8000/api/v1/artifacts/01M355GCVR4Z30TXMVSJHJ0FDZ "HTTP/1.1 200 OK" [httpx]
2026-09-22T20:20:20 [INFO   ] HTTP Request: POST http://localhost:8000/api/v1/ml/$predict "HTTP/1.1 202 Accepted" [httpx]
2026-09-22T20:20:20 [INFO   ] HTTP Request: GET http://localhost:8000/api/v1/jobs/01M355HTRHWAZJH2F1YNRDN66T "HTTP/1.1 200 OK" [httpx]
2026-09-22T20:20:20 [INFO   ] Job 01M355HTRHWAZJH2F1YNRDN66T status: running [chap_core.models.chapkit_rest_api_wrapper]
2026-09-22T20:20:22 [INFO   ] HTTP Request: GET http://localhost:8000/api/v1/jobs/01M355HTRHWAZJH2F1YNRDN66T "HTTP/1.1 200 OK" [httpx]
2026-09-22T20:20:22 [INFO   ] Job 01M355HTRHWAZJH2F1YNRDN66T status: running [chap_core.models.chapkit_rest_api_wrapper]
2026-09-22T20:20:24 [INFO   ] HTTP Request: GET http://localhost:8000/api/v1/jobs/01M355HTRHWAZJH2F1YNRDN66T "HTTP/1.1 200 OK" [httpx]
2026-09-22T20:20:24 [INFO   ] Job 01M355HTRHWAZJH2F1YNRDN66T status: running [chap_core.models.chapkit_rest_api_wrapper]
2026-09-22T20:20:26 [INFO   ] HTTP Request: GET http://localhost:8000/api/v1/jobs/01M355HTRHWAZJH2F1YNRDN66T "HTTP/1.1 200 OK" [httpx]
2026-09-22T20:20:26 [INFO   ] Job 01M355HTRHWAZJH2F1YNRDN66T status: running [chap_core.models.chapkit_rest_api_wrapper]
2026-09-22T20:20:28 [INFO   ] HTTP Request: GET http://localhost:8000/api/v1/jobs/01M355HTRHWAZJH2F1YNRDN66T "HTTP/1.1 200 OK" [httpx]
2026-09-22T20:20:28 [INFO   ] Job 01M355HTRHWAZJH2F1YNRDN66T status: running [chap_core.models.chapkit_rest_api_wrapper]
2026-09-22T20:20:30 [INFO   ] HTTP Request: GET http://localhost:8000/api/v1/jobs/01M355HTRHWAZJH2F1YNRDN66T "HTTP/1.1 200 OK" [httpx]
2026-09-22T20:20:30 [INFO   ] Job 01M355HTRHWAZJH2F1YNRDN66T status: running [chap_core.models.chapkit_rest_api_wrapper]
2026-09-22T20:20:32 [INFO   ] HTTP Request: GET http://localhost:8000/api/v1/jobs/01M355HTRHWAZJH2F1YNRDN66T "HTTP/1.1 200 OK" [httpx]
2026-09-22T20:20:32 [INFO   ] Job 01M355HTRHWAZJH2F1YNRDN66T status: running [chap_core.models.chapkit_rest_api_wrapper]
2026-09-22T20:20:34 [INFO   ] HTTP Request: GET http://localhost:8000/api/v1/jobs/01M355HTRHWAZJH2F1YNRDN66T "HTTP/1.1 200 OK" [httpx]
2026-09-22T20:20:34 [INFO   ] Job 01M355HTRHWAZJH2F1YNRDN66T status: running [chap_core.models.chapkit_rest_api_wrapper]
2026-09-22T20:20:36 [INFO   ] HTTP Request: GET http://localhost:8000/api/v1/jobs/01M355HTRHWAZJH2F1YNRDN66T "HTTP/1.1 200 OK" [httpx]
2026-09-22T20:20:36 [INFO   ] Job 01M355HTRHWAZJH2F1YNRDN66T status: running [chap_core.models.chapkit_rest_api_wrapper]
2026-09-22T20:20:38 [INFO   ] HTTP Request: GET http://localhost:8000/api/v1/jobs/01M355HTRHWAZJH2F1YNRDN66T "HTTP/1.1 200 OK" [httpx]
2026-09-22T20:20:38 [INFO   ] Job 01M355HTRHWAZJH2F1YNRDN66T status: running [chap_core.models.chapkit_rest_api_wrapper]
2026-09-22T20:20:40 [INFO   ] HTTP Request: GET http://localhost:8000/api/v1/jobs/01M355HTRHWAZJH2F1YNRDN66T "HTTP/1.1 200 OK" [httpx]
2026-09-22T20:20:40 [INFO   ] Job 01M355HTRHWAZJH2F1YNRDN66T status: running [chap_core.models.chapkit_rest_api_wrapper]
2026-09-22T20:20:42 [INFO   ] HTTP Request: GET http://localhost:8000/api/v1/jobs/01M355HTRHWAZJH2F1YNRDN66T "HTTP/1.1 200 OK" [httpx]
2026-09-22T20:20:42 [INFO   ] Job 01M355HTRHWAZJH2F1YNRDN66T status: running [chap_core.models.chapkit_rest_api_wrapper]
2026-09-22T20:20:44 [INFO   ] HTTP Request: GET http://localhost:8000/api/v1/jobs/01M355HTRHWAZJH2F1YNRDN66T "HTTP/1.1 200 OK" [httpx]
2026-09-22T20:20:44 [INFO   ] Job 01M355HTRHWAZJH2F1YNRDN66T status: running [chap_core.models.chapkit_rest_api_wrapper]
2026-09-22T20:20:46 [INFO   ] HTTP Request: GET http://localhost:8000/api/v1/jobs/01M355HTRHWAZJH2F1YNRDN66T "HTTP/1.1 200 OK" [httpx]
2026-09-22T20:20:46 [INFO   ] Job 01M355HTRHWAZJH2F1YNRDN66T status: running [chap_core.models.chapkit_rest_api_wrapper]
2026-09-22T20:20:48 [INFO   ] HTTP Request: GET http://localhost:8000/api/v1/jobs/01M355HTRHWAZJH2F1YNRDN66T "HTTP/1.1 200 OK" [httpx]
2026-09-22T20:20:48 [INFO   ] Job 01M355HTRHWAZJH2F1YNRDN66T status: running [chap_core.models.chapkit_rest_api_wrapper]
2026-09-22T20:20:50 [INFO   ] HTTP Request: GET http://localhost:8000/api/v1/jobs/01M355HTRHWAZJH2F1YNRDN66T "HTTP/1.1 200 OK" [httpx]
2026-09-22T20:20:50 [INFO   ] Job 01M355HTRHWAZJH2F1YNRDN66T status: running [chap_core.models.chapkit_rest_api_wrapper]
2026-09-22T20:20:52 [INFO   ] HTTP Request: GET http://localhost:8000/api/v1/jobs/01M355HTRHWAZJH2F1YNRDN66T "HTTP/1.1 200 OK" [httpx]
2026-09-22T20:20:52 [INFO   ] Job 01M355HTRHWAZJH2F1YNRDN66T status: running [chap_core.models.chapkit_rest_api_wrapper]
2026-09-22T20:20:54 [INFO   ] HTTP Request: GET http://localhost:8000/api/v1/jobs/01M355HTRHWAZJH2F1YNRDN66T "HTTP/1.1 200 OK" [httpx]
2026-09-22T20:20:54 [INFO   ] Job 01M355HTRHWAZJH2F1YNRDN66T status: running [chap_core.models.chapkit_rest_api_wrapper]
2026-09-22T20:20:56 [INFO   ] HTTP Request: GET http://localhost:8000/api/v1/jobs/01M355HTRHWAZJH2F1YNRDN66T "HTTP/1.1 200 OK" [httpx]
2026-09-22T20:20:56 [INFO   ] Job 01M355HTRHWAZJH2F1YNRDN66T status: running [chap_core.models.chapkit_rest_api_wrapper]
2026-09-22T20:20:58 [INFO   ] HTTP Request: GET http://localhost:8000/api/v1/jobs/01M355HTRHWAZJH2F1YNRDN66T "HTTP/1.1 200 OK" [httpx]
2026-09-22T20:20:58 [INFO   ] Job 01M355HTRHWAZJH2F1YNRDN66T status: running [chap_core.models.chapkit_rest_api_wrapper]
2026-09-22T20:21:00 [INFO   ] HTTP Request: GET http://localhost:8000/api/v1/jobs/01M355HTRHWAZJH2F1YNRDN66T "HTTP/1.1 200 OK" [httpx]
2026-09-22T20:21:00 [INFO   ] Job 01M355HTRHWAZJH2F1YNRDN66T status: running [chap_core.models.chapkit_rest_api_wrapper]
2026-09-22T20:21:02 [INFO   ] HTTP Request: GET http://localhost:8000/api/v1/jobs/01M355HTRHWAZJH2F1YNRDN66T "HTTP/1.1 200 OK" [httpx]
2026-09-22T20:21:02 [INFO   ] Job 01M355HTRHWAZJH2F1YNRDN66T status: running [chap_core.models.chapkit_rest_api_wrapper]
2026-09-22T20:21:04 [INFO   ] HTTP Request: GET http://localhost:8000/api/v1/jobs/01M355HTRHWAZJH2F1YNRDN66T "HTTP/1.1 200 OK" [httpx]
2026-09-22T20:21:04 [INFO   ] Job 01M355HTRHWAZJH2F1YNRDN66T status: running [chap_core.models.chapkit_rest_api_wrapper]
2026-09-22T20:21:06 [INFO   ] HTTP Request: GET http://localhost:8000/api/v1/jobs/01M355HTRHWAZJH2F1YNRDN66T "HTTP/1.1 200 OK" [httpx]
2026-09-22T20:21:06 [INFO   ] Job 01M355HTRHWAZJH2F1YNRDN66T status: completed [chap_core.models.chapkit_rest_api_wrapper]
2026-09-22T20:21:06 [INFO   ] HTTP Request: GET http://localhost:8000/api/v1/artifacts/01M355HTRHWAZJH2F1YNRDN66S "HTTP/1.1 200 OK" [httpx]
2026-09-22T20:21:06 [INFO   ] Exporting evaluation to /Users/geirksa_1_2_3/ai/special-purpose vaults/run-ghr-model-in-chap/analysis/02_routeA_chapkit/results/route_run/evaluation.nc [chap_core.cli_endpoints.evaluate]
2026-09-22T20:21:06 [INFO   ] HTTP Request: GET http://localhost:8000/api/v1/info "HTTP/1.1 200 OK" [httpx]
2026-09-22T20:21:06 [INFO   ] HTTP Request: GET http://localhost:8000/api/v1/configs/$schema "HTTP/1.1 200 OK" [httpx]
2026-09-22T20:21:06 [INFO   ] Evaluation complete. Results saved to /Users/geirksa_1_2_3/ai/special-purpose vaults/run-ghr-model-in-chap/analysis/02_routeA_chapkit/results/route_run/evaluation.nc [chap_core.cli_endpoints.evaluate]
2026-09-22T20:21:07 [INFO   ] Generating evaluation plot to /Users/geirksa_1_2_3/ai/special-purpose vaults/run-ghr-model-in-chap/analysis/02_routeA_chapkit/results/route_run/evaluation.html [chap_core.cli_endpoints.evaluate]
2026-09-22T20:21:07 [INFO   ] Plot saved to /Users/geirksa_1_2_3/ai/special-purpose vaults/run-ghr-model-in-chap/analysis/02_routeA_chapkit/results/route_run/evaluation.html [chap_core.cli_endpoints.evaluate]

=== chap export-metrics
2026-09-22T20:21:08 [INFO   ] Processing /Users/geirksa_1_2_3/ai/special-purpose vaults/run-ghr-model-in-chap/analysis/02_routeA_chapkit/results/route_run/evaluation.nc [chap_core.cli_endpoints.utils]
2026-09-22T20:21:12 [INFO   ] Metrics exported to /Users/geirksa_1_2_3/ai/special-purpose vaults/run-ghr-model-in-chap/analysis/02_routeA_chapkit/results/route_run/metrics.csv [chap_core.cli_endpoints.utils]

=== chap plot-backtest
2026-09-22T20:21:13 [INFO   ] Loading evaluation from /Users/geirksa_1_2_3/ai/special-purpose vaults/run-ghr-model-in-chap/analysis/02_routeA_chapkit/results/route_run/evaluation.nc [chap_core.cli_endpoints.utils]
2026-09-22T20:21:13 [INFO   ] Generating predicted_vs_actual plot [chap_core.cli_endpoints.utils]
2026-09-22T20:21:20 [INFO   ] Saving plot to /Users/geirksa_1_2_3/ai/special-purpose vaults/run-ghr-model-in-chap/analysis/02_routeA_chapkit/results/route_run/predicted_vs_actual.html [chap_core.cli_endpoints.utils]
2026-09-22T20:21:20 [INFO   ] Plot saved to /Users/geirksa_1_2_3/ai/special-purpose vaults/run-ghr-model-in-chap/analysis/02_routeA_chapkit/results/route_run/predicted_vs_actual.html [chap_core.cli_endpoints.utils]

=== done — outputs in /Users/geirksa_1_2_3/ai/special-purpose vaults/run-ghr-model-in-chap/analysis/02_routeA_chapkit/results/route_run
total 28776
drwxr-xr-x  13 geirksa4  staff      416 Sep 22 20:21 .
drwxr-xr-x  10 geirksa4  staff      320 Sep 22 20:15 ..
-rw-r--r--   1 geirksa4  staff   248465 Sep 22 20:15 chap_LAO_admin1_monthly.csv
-rw-r--r--   1 geirksa4  staff  8440675 Sep 22 20:15 chap_LAO_admin1_monthly.geojson
-rw-r--r--   1 geirksa4  staff    49790 Sep 22 20:21 chap_eval.log
-rw-r--r--   1 geirksa4  staff      409 Sep 22 20:21 chap_export_metrics.log
-rw-r--r--   1 geirksa4  staff      743 Sep 22 20:21 chap_plot_backtest.log
-rw-r--r--   1 geirksa4  staff     2265 Sep 22 20:15 docker_build.log
-rw-r--r--   1 geirksa4  staff  2151312 Sep 22 20:21 evaluation.html
-rw-r--r--   1 geirksa4  staff  3715465 Sep 22 20:21 evaluation.nc
-rw-r--r--   1 geirksa4  staff      602 Sep 22 20:21 metrics.csv
-rw-r--r--   1 geirksa4  staff     5705 Sep 22 20:15 model_schema.yaml
-rw-r--r--   1 geirksa4  staff    87580 Sep 22 20:21 predicted_vs_actual.html

filename,model_name,model_version,ratio_above_truth,crps,crps_log1p,crps_norm,mae,mape,sensitivity,specificity,outbreak_accuracy,coverage_10_90,coverage_25_75,rmse,winkler_score_10_90,winkler_score_25_75,winkler_score_10_90_log1p,winkler_score_25_75_log1p
evaluation.nc,http://localhost:8000,0.1.0,0.35703273809523806,149.48055087202383,0.9531596313253283,0.07693286200310026,128.47619047619048,155.02240710357896,0.45161290322580644,0.8066666666666666,0.6101190476190477,0.8095238095238095,0.6607142857142857,244.96574711968358,1579.5636904761905,706.7291666666666,6.441494928227307,4.380592750975562
