#0 building with "desktop-linux" instance using docker driver

#1 [internal] load build definition from Dockerfile
#1 transferring dockerfile: 2.66kB done
#1 DONE 0.0s

#2 [internal] load metadata for ghcr.io/dhis2-chap/chapkit-r-inla:latest
#2 DONE 2.1s

#3 [internal] load .dockerignore
#3 transferring context: 2B done
#3 DONE 0.0s

#4 [internal] load build context
#4 transferring context: 300.49kB 0.0s done
#4 DONE 0.0s

#5 [stage-0 1/9] FROM ghcr.io/dhis2-chap/chapkit-r-inla:latest@sha256:82dad97156278b3918c5707c877300ba7ed3b566d6271872fecae14878455a20
#5 resolve ghcr.io/dhis2-chap/chapkit-r-inla:latest@sha256:82dad97156278b3918c5707c877300ba7ed3b566d6271872fecae14878455a20 done
#5 sha256:bb5d74302166f877238233252fb036e5bbe6762f97947f2154554d0a1c25a42c 5.96kB / 5.96kB done
#5 sha256:fca3f12867fbdd2c02bb490c339fe6183127112232748602dba8b2465d1869fd 0B / 278.85MB 0.1s
#5 sha256:82dad97156278b3918c5707c877300ba7ed3b566d6271872fecae14878455a20 856B / 856B done
#5 sha256:0d901022cba4aa0dc58cb83a02fceb4680d8c811c7691b8351de47cc0a6089ab 2.78kB / 2.78kB done
#5 sha256:af104622b4b0dc9acbf29a038d1e1065be00698b76eb2612f6a7455ddb1c3638 0B / 1.18kB 0.1s
#5 sha256:6b37362b3da78869050b894b799ad4df04f1f3b52774087db0d81151570244c8 0B / 29.83MB 0.1s
#5 sha256:6b37362b3da78869050b894b799ad4df04f1f3b52774087db0d81151570244c8 4.19MB / 29.83MB 0.5s
#5 sha256:af104622b4b0dc9acbf29a038d1e1065be00698b76eb2612f6a7455ddb1c3638 1.18kB / 1.18kB 0.5s done
#5 sha256:6b37362b3da78869050b894b799ad4df04f1f3b52774087db0d81151570244c8 11.53MB / 29.83MB 0.7s
#5 sha256:a87f5f63df660a08c3ecb7d0e33800619db043cbda905a1d6d127bc3c6fb4eb4 0B / 10.99MB 0.7s
#5 sha256:6b37362b3da78869050b894b799ad4df04f1f3b52774087db0d81151570244c8 16.78MB / 29.83MB 1.0s
#5 sha256:6b37362b3da78869050b894b799ad4df04f1f3b52774087db0d81151570244c8 20.97MB / 29.83MB 1.2s
#5 sha256:6b37362b3da78869050b894b799ad4df04f1f3b52774087db0d81151570244c8 23.07MB / 29.83MB 1.4s
#5 sha256:6b37362b3da78869050b894b799ad4df04f1f3b52774087db0d81151570244c8 26.21MB / 29.83MB 1.5s
#5 sha256:6b37362b3da78869050b894b799ad4df04f1f3b52774087db0d81151570244c8 29.83MB / 29.83MB 1.6s
#5 sha256:6b37362b3da78869050b894b799ad4df04f1f3b52774087db0d81151570244c8 29.83MB / 29.83MB 1.6s done
#5 sha256:a87f5f63df660a08c3ecb7d0e33800619db043cbda905a1d6d127bc3c6fb4eb4 1.05MB / 10.99MB 1.7s
#5 extracting sha256:6b37362b3da78869050b894b799ad4df04f1f3b52774087db0d81151570244c8 0.1s
#5 sha256:fc120c39c4cf49ad32c3d6d480c260eb89be61d6097dd24cd19099cd1a542868 0B / 22.61MB 1.7s
#5 sha256:a87f5f63df660a08c3ecb7d0e33800619db043cbda905a1d6d127bc3c6fb4eb4 2.10MB / 10.99MB 1.9s
#5 sha256:a87f5f63df660a08c3ecb7d0e33800619db043cbda905a1d6d127bc3c6fb4eb4 3.15MB / 10.99MB 2.1s
#5 sha256:fc120c39c4cf49ad32c3d6d480c260eb89be61d6097dd24cd19099cd1a542868 3.15MB / 22.61MB 2.2s
#5 sha256:a87f5f63df660a08c3ecb7d0e33800619db043cbda905a1d6d127bc3c6fb4eb4 4.19MB / 10.99MB 2.3s
#5 sha256:fc120c39c4cf49ad32c3d6d480c260eb89be61d6097dd24cd19099cd1a542868 5.28MB / 22.61MB 2.3s
#5 sha256:fc120c39c4cf49ad32c3d6d480c260eb89be61d6097dd24cd19099cd1a542868 10.49MB / 22.61MB 2.6s
#5 extracting sha256:6b37362b3da78869050b894b799ad4df04f1f3b52774087db0d81151570244c8 1.1s done
#5 sha256:fc120c39c4cf49ad32c3d6d480c260eb89be61d6097dd24cd19099cd1a542868 14.68MB / 22.61MB 2.9s
#5 sha256:a87f5f63df660a08c3ecb7d0e33800619db043cbda905a1d6d127bc3c6fb4eb4 5.24MB / 10.99MB 3.0s
#5 sha256:fc120c39c4cf49ad32c3d6d480c260eb89be61d6097dd24cd19099cd1a542868 16.78MB / 22.61MB 3.0s
#5 sha256:fc120c39c4cf49ad32c3d6d480c260eb89be61d6097dd24cd19099cd1a542868 18.87MB / 22.61MB 3.1s
#5 sha256:fc120c39c4cf49ad32c3d6d480c260eb89be61d6097dd24cd19099cd1a542868 20.97MB / 22.61MB 3.2s
#5 sha256:a87f5f63df660a08c3ecb7d0e33800619db043cbda905a1d6d127bc3c6fb4eb4 6.29MB / 10.99MB 3.4s
#5 sha256:fc120c39c4cf49ad32c3d6d480c260eb89be61d6097dd24cd19099cd1a542868 22.61MB / 22.61MB 3.3s done
#5 sha256:d632142eac108ce3bbddd264cdc21844d29622710fde6cee905d1319387a77cd 0B / 41.77MB 3.4s
#5 sha256:a87f5f63df660a08c3ecb7d0e33800619db043cbda905a1d6d127bc3c6fb4eb4 7.34MB / 10.99MB 3.5s
#5 sha256:a87f5f63df660a08c3ecb7d0e33800619db043cbda905a1d6d127bc3c6fb4eb4 9.44MB / 10.99MB 3.7s
#5 sha256:a87f5f63df660a08c3ecb7d0e33800619db043cbda905a1d6d127bc3c6fb4eb4 10.49MB / 10.99MB 3.8s
#5 sha256:d632142eac108ce3bbddd264cdc21844d29622710fde6cee905d1319387a77cd 3.15MB / 41.77MB 3.9s
#5 sha256:a87f5f63df660a08c3ecb7d0e33800619db043cbda905a1d6d127bc3c6fb4eb4 10.99MB / 10.99MB 4.1s done
#5 sha256:d632142eac108ce3bbddd264cdc21844d29622710fde6cee905d1319387a77cd 6.29MB / 41.77MB 4.1s
#5 sha256:6456e89fb91f32233874c0562743612460ac7f50d995fa248a5515f4eb04b3cf 0B / 94B 4.1s
#5 sha256:fca3f12867fbdd2c02bb490c339fe6183127112232748602dba8b2465d1869fd 14.68MB / 278.85MB 4.2s
#5 sha256:d632142eac108ce3bbddd264cdc21844d29622710fde6cee905d1319387a77cd 8.39MB / 41.77MB 4.2s
#5 sha256:d632142eac108ce3bbddd264cdc21844d29622710fde6cee905d1319387a77cd 10.49MB / 41.77MB 4.3s
#5 sha256:d632142eac108ce3bbddd264cdc21844d29622710fde6cee905d1319387a77cd 12.58MB / 41.77MB 4.4s
#5 sha256:d632142eac108ce3bbddd264cdc21844d29622710fde6cee905d1319387a77cd 15.73MB / 41.77MB 4.6s
#5 sha256:d632142eac108ce3bbddd264cdc21844d29622710fde6cee905d1319387a77cd 20.97MB / 41.77MB 4.8s
#5 sha256:6456e89fb91f32233874c0562743612460ac7f50d995fa248a5515f4eb04b3cf 94B / 94B 4.7s done
#5 sha256:13bc1b602a3f3e929ed6d9d1dfdb50ed08de98743c11e1cf7cacd2403e191ad5 0B / 1.43GB 4.8s
#5 sha256:d632142eac108ce3bbddd264cdc21844d29622710fde6cee905d1319387a77cd 25.17MB / 41.77MB 5.0s
#5 sha256:d632142eac108ce3bbddd264cdc21844d29622710fde6cee905d1319387a77cd 30.41MB / 41.77MB 5.2s
#5 sha256:d632142eac108ce3bbddd264cdc21844d29622710fde6cee905d1319387a77cd 32.51MB / 41.77MB 5.3s
#5 sha256:d632142eac108ce3bbddd264cdc21844d29622710fde6cee905d1319387a77cd 36.70MB / 41.77MB 5.5s
#5 sha256:d632142eac108ce3bbddd264cdc21844d29622710fde6cee905d1319387a77cd 41.77MB / 41.77MB 5.9s
#5 sha256:d632142eac108ce3bbddd264cdc21844d29622710fde6cee905d1319387a77cd 41.77MB / 41.77MB 5.9s done
#5 sha256:ad3a75c3bc1236ce176682eb3b030896c66bbd9596548aed735913838b41b11e 0B / 6.49kB 6.1s
#5 sha256:ad3a75c3bc1236ce176682eb3b030896c66bbd9596548aed735913838b41b11e 6.49kB / 6.49kB 6.2s done
#5 sha256:5707af037e52a8808f92524eed2e570d487e8f59f404c271cb831e0cb7b46c0a 0B / 97.45MB 6.3s
#5 sha256:fca3f12867fbdd2c02bb490c339fe6183127112232748602dba8b2465d1869fd 31.46MB / 278.85MB 6.5s
#5 sha256:5707af037e52a8808f92524eed2e570d487e8f59f404c271cb831e0cb7b46c0a 8.39MB / 97.45MB 7.5s
#5 sha256:5707af037e52a8808f92524eed2e570d487e8f59f404c271cb831e0cb7b46c0a 13.63MB / 97.45MB 7.9s
#5 sha256:5707af037e52a8808f92524eed2e570d487e8f59f404c271cb831e0cb7b46c0a 20.97MB / 97.45MB 8.3s
#5 sha256:5707af037e52a8808f92524eed2e570d487e8f59f404c271cb831e0cb7b46c0a 26.21MB / 97.45MB 8.5s
#5 sha256:fca3f12867fbdd2c02bb490c339fe6183127112232748602dba8b2465d1869fd 46.14MB / 278.85MB 8.9s
#5 sha256:5707af037e52a8808f92524eed2e570d487e8f59f404c271cb831e0cb7b46c0a 32.51MB / 97.45MB 8.9s
#5 sha256:5707af037e52a8808f92524eed2e570d487e8f59f404c271cb831e0cb7b46c0a 37.75MB / 97.45MB 9.3s
#5 sha256:13bc1b602a3f3e929ed6d9d1dfdb50ed08de98743c11e1cf7cacd2403e191ad5 16.78MB / 1.43GB 9.9s
#5 sha256:5707af037e52a8808f92524eed2e570d487e8f59f404c271cb831e0cb7b46c0a 44.04MB / 97.45MB 10.1s
#5 sha256:5707af037e52a8808f92524eed2e570d487e8f59f404c271cb831e0cb7b46c0a 49.28MB / 97.45MB 10.9s
#5 sha256:5707af037e52a8808f92524eed2e570d487e8f59f404c271cb831e0cb7b46c0a 54.53MB / 97.45MB 11.3s
#5 sha256:5707af037e52a8808f92524eed2e570d487e8f59f404c271cb831e0cb7b46c0a 59.77MB / 97.45MB 12.1s
#5 sha256:5707af037e52a8808f92524eed2e570d487e8f59f404c271cb831e0cb7b46c0a 65.01MB / 97.45MB 12.6s
#5 sha256:5707af037e52a8808f92524eed2e570d487e8f59f404c271cb831e0cb7b46c0a 70.25MB / 97.45MB 13.2s
#5 sha256:fca3f12867fbdd2c02bb490c339fe6183127112232748602dba8b2465d1869fd 57.67MB / 278.85MB 13.9s
#5 sha256:5707af037e52a8808f92524eed2e570d487e8f59f404c271cb831e0cb7b46c0a 76.55MB / 97.45MB 14.4s
#5 sha256:5707af037e52a8808f92524eed2e570d487e8f59f404c271cb831e0cb7b46c0a 81.79MB / 97.45MB 14.7s
#5 sha256:13bc1b602a3f3e929ed6d9d1dfdb50ed08de98743c11e1cf7cacd2403e191ad5 24.12MB / 1.43GB 14.9s
#5 sha256:5707af037e52a8808f92524eed2e570d487e8f59f404c271cb831e0cb7b46c0a 88.08MB / 97.45MB 15.1s
#5 sha256:5707af037e52a8808f92524eed2e570d487e8f59f404c271cb831e0cb7b46c0a 94.37MB / 97.45MB 15.5s
#5 sha256:5707af037e52a8808f92524eed2e570d487e8f59f404c271cb831e0cb7b46c0a 97.45MB / 97.45MB 16.0s done
#5 sha256:120fffc84f21e23617e495b7829876cf57b85a0fc6f3636dbfc542355fd9748f 0B / 75.94MB 16.2s
#5 sha256:fca3f12867fbdd2c02bb490c339fe6183127112232748602dba8b2465d1869fd 72.35MB / 278.85MB 16.4s
#5 sha256:120fffc84f21e23617e495b7829876cf57b85a0fc6f3636dbfc542355fd9748f 5.24MB / 75.94MB 16.8s
#5 sha256:120fffc84f21e23617e495b7829876cf57b85a0fc6f3636dbfc542355fd9748f 11.53MB / 75.94MB 17.2s
#5 sha256:120fffc84f21e23617e495b7829876cf57b85a0fc6f3636dbfc542355fd9748f 17.83MB / 75.94MB 17.5s
#5 sha256:120fffc84f21e23617e495b7829876cf57b85a0fc6f3636dbfc542355fd9748f 23.07MB / 75.94MB 17.9s
#5 sha256:120fffc84f21e23617e495b7829876cf57b85a0fc6f3636dbfc542355fd9748f 29.36MB / 75.94MB 18.3s
#5 sha256:120fffc84f21e23617e495b7829876cf57b85a0fc6f3636dbfc542355fd9748f 33.55MB / 75.94MB 18.5s
#5 sha256:120fffc84f21e23617e495b7829876cf57b85a0fc6f3636dbfc542355fd9748f 38.80MB / 75.94MB 18.8s
#5 sha256:120fffc84f21e23617e495b7829876cf57b85a0fc6f3636dbfc542355fd9748f 45.09MB / 75.94MB 19.1s
#5 sha256:120fffc84f21e23617e495b7829876cf57b85a0fc6f3636dbfc542355fd9748f 53.48MB / 75.94MB 19.5s
#5 sha256:120fffc84f21e23617e495b7829876cf57b85a0fc6f3636dbfc542355fd9748f 61.87MB / 75.94MB 19.9s
#5 sha256:13bc1b602a3f3e929ed6d9d1dfdb50ed08de98743c11e1cf7cacd2403e191ad5 42.99MB / 1.43GB 20.1s
#5 sha256:120fffc84f21e23617e495b7829876cf57b85a0fc6f3636dbfc542355fd9748f 66.06MB / 75.94MB 20.1s
#5 sha256:120fffc84f21e23617e495b7829876cf57b85a0fc6f3636dbfc542355fd9748f 70.25MB / 75.94MB 20.4s
#5 sha256:fca3f12867fbdd2c02bb490c339fe6183127112232748602dba8b2465d1869fd 87.03MB / 278.85MB 20.5s
#5 sha256:120fffc84f21e23617e495b7829876cf57b85a0fc6f3636dbfc542355fd9748f 75.94MB / 75.94MB 20.7s
#5 sha256:120fffc84f21e23617e495b7829876cf57b85a0fc6f3636dbfc542355fd9748f 75.94MB / 75.94MB 20.8s done
#5 sha256:dd30fcfec8a6631e7a3d8a7be1fa9a6487e313f053046bf91452246408a1b5dc 0B / 69.21MB 20.9s
#5 sha256:dd30fcfec8a6631e7a3d8a7be1fa9a6487e313f053046bf91452246408a1b5dc 4.19MB / 69.21MB 21.5s
#5 sha256:dd30fcfec8a6631e7a3d8a7be1fa9a6487e313f053046bf91452246408a1b5dc 8.39MB / 69.21MB 21.8s
#5 sha256:dd30fcfec8a6631e7a3d8a7be1fa9a6487e313f053046bf91452246408a1b5dc 14.68MB / 69.21MB 22.2s
#5 sha256:dd30fcfec8a6631e7a3d8a7be1fa9a6487e313f053046bf91452246408a1b5dc 22.02MB / 69.21MB 22.7s
#5 sha256:dd30fcfec8a6631e7a3d8a7be1fa9a6487e313f053046bf91452246408a1b5dc 26.21MB / 69.21MB 23.0s
#5 sha256:dd30fcfec8a6631e7a3d8a7be1fa9a6487e313f053046bf91452246408a1b5dc 30.41MB / 69.21MB 23.2s
#5 sha256:dd30fcfec8a6631e7a3d8a7be1fa9a6487e313f053046bf91452246408a1b5dc 34.60MB / 69.21MB 23.5s
#5 sha256:fca3f12867fbdd2c02bb490c339fe6183127112232748602dba8b2465d1869fd 101.71MB / 278.85MB 23.7s
#5 sha256:dd30fcfec8a6631e7a3d8a7be1fa9a6487e313f053046bf91452246408a1b5dc 38.80MB / 69.21MB 23.8s
#5 sha256:dd30fcfec8a6631e7a3d8a7be1fa9a6487e313f053046bf91452246408a1b5dc 45.09MB / 69.21MB 24.2s
#5 sha256:dd30fcfec8a6631e7a3d8a7be1fa9a6487e313f053046bf91452246408a1b5dc 49.28MB / 69.21MB 24.6s
#5 sha256:dd30fcfec8a6631e7a3d8a7be1fa9a6487e313f053046bf91452246408a1b5dc 53.48MB / 69.21MB 24.9s
#5 sha256:13bc1b602a3f3e929ed6d9d1dfdb50ed08de98743c11e1cf7cacd2403e191ad5 59.77MB / 1.43GB 25.2s
#5 sha256:dd30fcfec8a6631e7a3d8a7be1fa9a6487e313f053046bf91452246408a1b5dc 57.67MB / 69.21MB 25.2s
#5 sha256:dd30fcfec8a6631e7a3d8a7be1fa9a6487e313f053046bf91452246408a1b5dc 63.96MB / 69.21MB 25.8s
#5 sha256:dd30fcfec8a6631e7a3d8a7be1fa9a6487e313f053046bf91452246408a1b5dc 69.21MB / 69.21MB 26.4s
#5 sha256:dd30fcfec8a6631e7a3d8a7be1fa9a6487e313f053046bf91452246408a1b5dc 69.21MB / 69.21MB 26.5s done
#5 sha256:4f4fb700ef54461cfa02571ae0db9a0dc1e0cdb5577484a6d75e68dc38e8acc1 0B / 32B 26.5s
#5 sha256:4f4fb700ef54461cfa02571ae0db9a0dc1e0cdb5577484a6d75e68dc38e8acc1 32B / 32B 26.7s done
#5 sha256:fca3f12867fbdd2c02bb490c339fe6183127112232748602dba8b2465d1869fd 116.39MB / 278.85MB 26.9s
#5 sha256:fca3f12867fbdd2c02bb490c339fe6183127112232748602dba8b2465d1869fd 133.17MB / 278.85MB 28.8s
#5 sha256:fca3f12867fbdd2c02bb490c339fe6183127112232748602dba8b2465d1869fd 147.85MB / 278.85MB 30.0s
#5 sha256:13bc1b602a3f3e929ed6d9d1dfdb50ed08de98743c11e1cf7cacd2403e191ad5 83.89MB / 1.43GB 30.3s
#5 sha256:fca3f12867fbdd2c02bb490c339fe6183127112232748602dba8b2465d1869fd 163.58MB / 278.85MB 31.3s
#5 sha256:fca3f12867fbdd2c02bb490c339fe6183127112232748602dba8b2465d1869fd 179.31MB / 278.85MB 32.2s
#5 sha256:fca3f12867fbdd2c02bb490c339fe6183127112232748602dba8b2465d1869fd 193.99MB / 278.85MB 33.0s
#5 sha256:fca3f12867fbdd2c02bb490c339fe6183127112232748602dba8b2465d1869fd 208.67MB / 278.85MB 33.8s
#5 sha256:fca3f12867fbdd2c02bb490c339fe6183127112232748602dba8b2465d1869fd 223.35MB / 278.85MB 35.1s
#5 sha256:13bc1b602a3f3e929ed6d9d1dfdb50ed08de98743c11e1cf7cacd2403e191ad5 83.89MB / 1.43GB 35.4s
#5 sha256:fca3f12867fbdd2c02bb490c339fe6183127112232748602dba8b2465d1869fd 238.03MB / 278.85MB 35.9s
#5 sha256:fca3f12867fbdd2c02bb490c339fe6183127112232748602dba8b2465d1869fd 254.80MB / 278.85MB 36.8s
#5 sha256:fca3f12867fbdd2c02bb490c339fe6183127112232748602dba8b2465d1869fd 269.48MB / 278.85MB 37.7s
#5 sha256:fca3f12867fbdd2c02bb490c339fe6183127112232748602dba8b2465d1869fd 278.85MB / 278.85MB 38.5s done
#5 extracting sha256:fca3f12867fbdd2c02bb490c339fe6183127112232748602dba8b2465d1869fd
#5 sha256:13bc1b602a3f3e929ed6d9d1dfdb50ed08de98743c11e1cf7cacd2403e191ad5 83.89MB / 1.43GB 40.5s
#5 extracting sha256:fca3f12867fbdd2c02bb490c339fe6183127112232748602dba8b2465d1869fd 5.0s
#5 extracting sha256:fca3f12867fbdd2c02bb490c339fe6183127112232748602dba8b2465d1869fd 5.8s done
#5 extracting sha256:af104622b4b0dc9acbf29a038d1e1065be00698b76eb2612f6a7455ddb1c3638
#5 extracting sha256:af104622b4b0dc9acbf29a038d1e1065be00698b76eb2612f6a7455ddb1c3638 done
#5 extracting sha256:a87f5f63df660a08c3ecb7d0e33800619db043cbda905a1d6d127bc3c6fb4eb4 0.1s
#5 extracting sha256:a87f5f63df660a08c3ecb7d0e33800619db043cbda905a1d6d127bc3c6fb4eb4 0.2s done
#5 extracting sha256:fc120c39c4cf49ad32c3d6d480c260eb89be61d6097dd24cd19099cd1a542868
#5 extracting sha256:fc120c39c4cf49ad32c3d6d480c260eb89be61d6097dd24cd19099cd1a542868 0.5s done
#5 sha256:13bc1b602a3f3e929ed6d9d1dfdb50ed08de98743c11e1cf7cacd2403e191ad5 109.05MB / 1.43GB 45.6s
#5 extracting sha256:d632142eac108ce3bbddd264cdc21844d29622710fde6cee905d1319387a77cd
#5 extracting sha256:d632142eac108ce3bbddd264cdc21844d29622710fde6cee905d1319387a77cd 1.8s done
#5 extracting sha256:6456e89fb91f32233874c0562743612460ac7f50d995fa248a5515f4eb04b3cf done
#5 sha256:13bc1b602a3f3e929ed6d9d1dfdb50ed08de98743c11e1cf7cacd2403e191ad5 182.45MB / 1.43GB 49.2s
#5 sha256:13bc1b602a3f3e929ed6d9d1dfdb50ed08de98743c11e1cf7cacd2403e191ad5 253.76MB / 1.43GB 52.9s
#5 sha256:13bc1b602a3f3e929ed6d9d1dfdb50ed08de98743c11e1cf7cacd2403e191ad5 328.20MB / 1.43GB 56.3s
#5 sha256:13bc1b602a3f3e929ed6d9d1dfdb50ed08de98743c11e1cf7cacd2403e191ad5 402.65MB / 1.43GB 60.4s
#5 sha256:13bc1b602a3f3e929ed6d9d1dfdb50ed08de98743c11e1cf7cacd2403e191ad5 473.96MB / 1.43GB 64.2s
#5 sha256:13bc1b602a3f3e929ed6d9d1dfdb50ed08de98743c11e1cf7cacd2403e191ad5 546.31MB / 1.43GB 67.9s
#5 sha256:13bc1b602a3f3e929ed6d9d1dfdb50ed08de98743c11e1cf7cacd2403e191ad5 617.61MB / 1.43GB 71.6s
#5 sha256:13bc1b602a3f3e929ed6d9d1dfdb50ed08de98743c11e1cf7cacd2403e191ad5 689.96MB / 1.43GB 75.1s
#5 sha256:13bc1b602a3f3e929ed6d9d1dfdb50ed08de98743c11e1cf7cacd2403e191ad5 761.27MB / 1.43GB 78.8s
#5 sha256:13bc1b602a3f3e929ed6d9d1dfdb50ed08de98743c11e1cf7cacd2403e191ad5 833.62MB / 1.43GB 82.0s
#5 sha256:13bc1b602a3f3e929ed6d9d1dfdb50ed08de98743c11e1cf7cacd2403e191ad5 904.92MB / 1.43GB 84.9s
#5 sha256:13bc1b602a3f3e929ed6d9d1dfdb50ed08de98743c11e1cf7cacd2403e191ad5 976.22MB / 1.43GB 87.8s
#5 sha256:13bc1b602a3f3e929ed6d9d1dfdb50ed08de98743c11e1cf7cacd2403e191ad5 1.05GB / 1.43GB 91.2s
#5 sha256:13bc1b602a3f3e929ed6d9d1dfdb50ed08de98743c11e1cf7cacd2403e191ad5 1.12GB / 1.43GB 94.9s
#5 sha256:13bc1b602a3f3e929ed6d9d1dfdb50ed08de98743c11e1cf7cacd2403e191ad5 1.19GB / 1.43GB 99.0s
#5 sha256:13bc1b602a3f3e929ed6d9d1dfdb50ed08de98743c11e1cf7cacd2403e191ad5 1.26GB / 1.43GB 102.9s
#5 sha256:13bc1b602a3f3e929ed6d9d1dfdb50ed08de98743c11e1cf7cacd2403e191ad5 1.33GB / 1.43GB 107.0s
#5 sha256:13bc1b602a3f3e929ed6d9d1dfdb50ed08de98743c11e1cf7cacd2403e191ad5 1.41GB / 1.43GB 111.2s
#5 sha256:13bc1b602a3f3e929ed6d9d1dfdb50ed08de98743c11e1cf7cacd2403e191ad5 1.43GB / 1.43GB 112.8s done
#5 extracting sha256:13bc1b602a3f3e929ed6d9d1dfdb50ed08de98743c11e1cf7cacd2403e191ad5
#5 extracting sha256:13bc1b602a3f3e929ed6d9d1dfdb50ed08de98743c11e1cf7cacd2403e191ad5 5.0s
#5 extracting sha256:13bc1b602a3f3e929ed6d9d1dfdb50ed08de98743c11e1cf7cacd2403e191ad5 10.1s
#5 extracting sha256:13bc1b602a3f3e929ed6d9d1dfdb50ed08de98743c11e1cf7cacd2403e191ad5 15.1s
#5 extracting sha256:13bc1b602a3f3e929ed6d9d1dfdb50ed08de98743c11e1cf7cacd2403e191ad5 20.4s
#5 extracting sha256:13bc1b602a3f3e929ed6d9d1dfdb50ed08de98743c11e1cf7cacd2403e191ad5 25.6s
#5 extracting sha256:13bc1b602a3f3e929ed6d9d1dfdb50ed08de98743c11e1cf7cacd2403e191ad5 30.7s
#5 extracting sha256:13bc1b602a3f3e929ed6d9d1dfdb50ed08de98743c11e1cf7cacd2403e191ad5 35.8s
#5 extracting sha256:13bc1b602a3f3e929ed6d9d1dfdb50ed08de98743c11e1cf7cacd2403e191ad5 40.8s
#5 extracting sha256:13bc1b602a3f3e929ed6d9d1dfdb50ed08de98743c11e1cf7cacd2403e191ad5 45.9s
#5 extracting sha256:13bc1b602a3f3e929ed6d9d1dfdb50ed08de98743c11e1cf7cacd2403e191ad5 48.9s done
#5 extracting sha256:ad3a75c3bc1236ce176682eb3b030896c66bbd9596548aed735913838b41b11e
#5 extracting sha256:ad3a75c3bc1236ce176682eb3b030896c66bbd9596548aed735913838b41b11e done
#5 extracting sha256:5707af037e52a8808f92524eed2e570d487e8f59f404c271cb831e0cb7b46c0a
#5 extracting sha256:5707af037e52a8808f92524eed2e570d487e8f59f404c271cb831e0cb7b46c0a 5.4s
#5 extracting sha256:5707af037e52a8808f92524eed2e570d487e8f59f404c271cb831e0cb7b46c0a 10.4s
#5 extracting sha256:5707af037e52a8808f92524eed2e570d487e8f59f404c271cb831e0cb7b46c0a 11.9s done
#5 extracting sha256:120fffc84f21e23617e495b7829876cf57b85a0fc6f3636dbfc542355fd9748f
#5 extracting sha256:120fffc84f21e23617e495b7829876cf57b85a0fc6f3636dbfc542355fd9748f 2.1s done
#5 extracting sha256:dd30fcfec8a6631e7a3d8a7be1fa9a6487e313f053046bf91452246408a1b5dc
#5 extracting sha256:dd30fcfec8a6631e7a3d8a7be1fa9a6487e313f053046bf91452246408a1b5dc 1.7s done
#5 extracting sha256:4f4fb700ef54461cfa02571ae0db9a0dc1e0cdb5577484a6d75e68dc38e8acc1
#5 extracting sha256:4f4fb700ef54461cfa02571ae0db9a0dc1e0cdb5577484a6d75e68dc38e8acc1 done
#5 DONE 179.1s

#6 [stage-0 2/9] WORKDIR /work
#6 DONE 2.3s

#7 [stage-0 3/9] RUN R -q -e "install.packages(c('cowplot','GHRexplore'), repos='https://cloud.r-project.org')"     && R -q -e "stopifnot(requireNamespace('cowplot'), requireNamespace('GHRexplore'))"
#7 1.315 > install.packages(c('cowplot','GHRexplore'), repos='https://cloud.r-project.org')
#7 1.330 Installing packages into ‘/usr/local/lib/R/site-library’
#7 1.330 (as ‘lib’ is unspecified)
#7 3.474 trying URL 'https://cloud.r-project.org/src/contrib/cowplot_1.2.0.tar.gz'
#7 3.474 trying URL 'https://cloud.r-project.org/src/contrib/GHRexplore_0.2.2.tar.gz'
#7 6.103 * installing *source* package ‘cowplot’ ...
#7 6.103 ** this is package ‘cowplot’ version ‘1.2.0’
#7 6.122 ** package ‘cowplot’ successfully unpacked and MD5 sums checked
#7 6.122 ** using staged installation
#7 6.179 ** R
#7 6.217 ** inst
#7 6.223 ** byte-compile and prepare package for lazy loading
#7 9.663 ** help
#7 9.849 *** installing help indices
#7 9.977 *** copying figures
#7 9.978 ** building package indices
#7 10.86 ** installing vignettes
#7 10.88 ** testing if installed package can be loaded from temporary location
#7 13.05 ** testing if installed package can be loaded from final location
#7 15.13 ** testing if installed package keeps a record of temporary installation path
#7 15.14 * DONE (cowplot)
#7 16.23 * installing *source* package ‘GHRexplore’ ...
#7 16.23 ** this is package ‘GHRexplore’ version ‘0.2.2’
#7 16.25 ** package ‘GHRexplore’ successfully unpacked and MD5 sums checked
#7 16.25 ** using staged installation
#7 16.29 ** R
#7 16.31 ** data
#7 16.31 *** moving datasets to lazyload DB
#7 16.36 ** inst
#7 16.36 ** byte-compile and prepare package for lazy loading
#7 19.28 ** help
#7 19.37 *** installing help indices
#7 19.44 *** copying figures
#7 19.44 ** building package indices
#7 20.23 ** installing vignettes
#7 20.24 ** testing if installed package can be loaded from temporary location
#7 21.91 ** testing if installed package can be loaded from final location
#7 24.02 ** testing if installed package keeps a record of temporary installation path
#7 24.03 * DONE (GHRexplore)
#7 24.10 
#7 24.10 The downloaded source packages are in
#7 24.10 	‘/tmp/Rtmp92T9iP/downloaded_packages’
#7 24.10 > 
#7 25.04 > stopifnot(requireNamespace('cowplot'), requireNamespace('GHRexplore'))
#7 25.05 Loading required namespace: cowplot
#7 26.39 Loading required namespace: GHRexplore
#7 26.40 > 
#7 DONE 26.5s

#8 [stage-0 4/9] RUN git clone --branch "dhis2-workflow"         https://gitlab.earth.bsc.es/ghr/ghrmodel.git /tmp/ghrmodel     && git -C /tmp/ghrmodel checkout --quiet "b2f433bd7febc921f51f37cd7376e79cb8f12058"     && R -q -e "install.packages('/tmp/ghrmodel', repos=NULL, type='source')"     && R -q -e "library(GHRmodel); stopifnot(all(sapply(c('select_re','select_fe','select_report','fit_models','sample_ppd'), exists)))"     && rm -rf /tmp/ghrmodel
#8 0.190 Cloning into '/tmp/ghrmodel'...
#8 124.4 > install.packages('/tmp/ghrmodel', repos=NULL, type='source')
#8 124.4 Installing package into ‘/usr/local/lib/R/site-library’
#8 124.4 (as ‘lib’ is unspecified)
#8 125.3 * installing *source* package ‘GHRmodel’ ...
#8 125.3 ** this is package ‘GHRmodel’ version ‘0.2.0’
#8 125.3 ** using staged installation
#8 125.3 ** R
#8 125.4 ** data
#8 125.4 *** moving datasets to lazyload DB
#8 125.4 ** inst
#8 125.4 ** byte-compile and prepare package for lazy loading
#8 130.3 ** help
#8 130.5 *** installing help indices
#8 130.5 ** building package indices
#8 131.2 ** installing vignettes
#8 131.3 ** testing if installed package can be loaded from temporary location
#8 133.6 ** testing if installed package can be loaded from final location
#8 136.1 ** testing if installed package keeps a record of temporary installation path
#8 136.1 * DONE (GHRmodel)
#8 136.1 > 
#8 136.8 > library(GHRmodel); stopifnot(all(sapply(c('select_re','select_fe','select_report','fit_models','sample_ppd'), exists)))
#8 138.5 > 
#8 DONE 138.6s

#9 [stage-0 5/9] COPY pyproject.toml uv.lock ./
#9 DONE 0.0s

#10 [stage-0 6/9] RUN --mount=type=cache,target=/root/.cache/uv     UV_PROJECT_ENVIRONMENT=/app/.venv uv sync --frozen --no-dev --no-install-project
#10 1.042 Downloading sqlalchemy (3.1MiB)
#10 1.042 Downloading numpy (15.9MiB)
#10 1.043 Downloading pandas (10.4MiB)
#10 1.044 Downloading pygments (1.2MiB)
#10 1.046 Downloading uvloop (4.2MiB)
#10 1.047 Downloading pydantic-core (2.0MiB)
#10 1.979  Downloaded pygments
#10 2.083  Downloaded pydantic-core
#10 2.388  Downloaded sqlalchemy
#10 2.576  Downloaded uvloop
#10 3.440  Downloaded pandas
#10 3.599  Downloaded numpy
#10 3.600 Prepared 71 packages in 2.86s
#10 4.183 Installed 71 packages in 581ms
#10 8.346 Bytecode compiled 4338 files in 4.16s
#10 8.348  + aiosqlite==0.22.1
#10 8.348  + alembic==1.19.0
#10 8.348  + annotated-doc==0.0.5
#10 8.349  + annotated-types==0.8.0
#10 8.349  + anyio==4.14.2
#10 8.349  + asgiref==3.12.1
#10 8.349  + certifi==2026.7.22
#10 8.349  + chapkit==2.0.0
#10 8.349  + click==8.4.2
#10 8.349  + detect-installer==0.1.0
#10 8.349  + dnspython==2.8.0
#10 8.349  + email-validator==2.3.0
#10 8.349  + fastapi==0.141.1
#10 8.349  + fastapi-cli==0.0.32
#10 8.349  + fastapi-cloud-cli==0.23.0
#10 8.349  + fastar==0.11.0
#10 8.349  + geojson-pydantic==2.1.1
#10 8.349  + greenlet==3.5.4
#10 8.349  + gunicorn==26.0.0
#10 8.349  + h11==0.16.0
#10 8.349  + httpcore==1.0.9
#10 8.349  + httptools==0.8.0
#10 8.349  + httpx==0.28.1
#10 8.349  + idna==3.18
#10 8.349  + jinja2==3.1.6
#10 8.349  + mako==1.4.1
#10 8.349  + markdown-it-py==4.2.0
#10 8.349  + markupsafe==3.0.3
#10 8.349  + mdurl==0.1.2
#10 8.349  + numpy==2.5.1
#10 8.349  + opentelemetry-api==1.44.0
#10 8.349  + opentelemetry-exporter-prometheus==0.65b0
#10 8.349  + opentelemetry-instrumentation==0.65b0
#10 8.349  + opentelemetry-instrumentation-asgi==0.65b0
#10 8.349  + opentelemetry-instrumentation-fastapi==0.65b0
#10 8.349  + opentelemetry-instrumentation-sqlalchemy==0.65b0
#10 8.349  + opentelemetry-sdk==1.44.0
#10 8.349  + opentelemetry-semantic-conventions==0.65b0
#10 8.349  + opentelemetry-util-http==0.65b0
#10 8.349  + packaging==26.3
#10 8.349  + pandas==3.0.5
#10 8.349  + prometheus-client==0.26.0
#10 8.349  + pydantic==2.13.4
#10 8.349  + pydantic-core==2.46.4
#10 8.349  + pydantic-extra-types==2.11.1
#10 8.349  + pydantic-settings==2.14.2
#10 8.349  + pygments==2.20.0
#10 8.350  + python-dateutil==2.9.0.post0
#10 8.350  + python-dotenv==1.2.2
#10 8.350  + python-multipart==0.0.32
#10 8.350  + python-ulid==4.0.1
#10 8.350  + pyyaml==6.0.3
#10 8.350  + rich==15.0.0
#10 8.350  + rich-toolkit==0.20.3
#10 8.350  + rignore==0.8.1
#10 8.350  + sentry-sdk==2.66.1
#10 8.350  + servicekit==2.0.2
#10 8.350  + shellingham==1.5.4
#10 8.350  + six==1.17.0
#10 8.350  + sqlalchemy==2.0.51
#10 8.350  + starlette==1.3.1
#10 8.350  + structlog==26.1.0
#10 8.350  + typer==0.27.1
#10 8.350  + typing-extensions==4.16.0
#10 8.350  + typing-inspection==0.4.2
#10 8.350  + urllib3==2.7.0
#10 8.350  + uvicorn==0.52.1
#10 8.350  + uvloop==0.22.1
#10 8.350  + watchfiles==1.2.0
#10 8.350  + websockets==17.0.1
#10 8.350  + wrapt==2.3.0
#10 DONE 9.2s

#11 [stage-0 7/9] COPY main.py ./
#11 DONE 0.0s

#12 [stage-0 8/9] COPY scripts/ ./scripts/
#12 DONE 0.0s

#13 [stage-0 9/9] RUN chmod -R a+rX /usr/local/lib/R/site-library/INLA/bin     && chmod a+w /usr/local/lib/R/site-library/GHRmodel/templates     && groupadd --gid 10001 app     && useradd --uid 10001 --gid 10001 --create-home app     && mkdir -p /work/data     && chown app:app /work/data
#13 DONE 0.7s

#14 exporting to image
#14 exporting layers
#14 exporting layers 0.9s done
#14 writing image sha256:368aa3bf37f429eb0d837a8e6c30e4db0df48c350303a3b23b378608a2f867f5 done
#14 naming to docker.io/library/chapkit-ghr-model:60b16a2 done
#14 DONE 0.9s
