== probe run at 2026-09-21T13:55:30Z ==

-- 1. is the service answering? --
HTTP 200
-- the payload the service sends --
{
    "id": "chapkit-ghr-model",
    "display_name": "GHRmodel (chapkit)",
    "version": "0.1.0",
    "description": "Bayesian hierarchical spatio-temporal model for climate-sensitive disease, built on R-INLA. Wraps BSC's GHRmodel package (dhis2-workflow branch), running a single user-specified model configuration with configurable spatial, seasonal and interannual random effects and lagged/rolling climate covariates.",
    "model_metadata": {
        "author": "Global Health Resilience group, BSC (wrapped for CHAP by HISP Centre)",
        "author_note": null,
        "author_assessed_status": "red",
        "contact_email": "morten@dhis2.org",
        "organization": "Barcelona Supercomputing Center",
        "organization_logo_url": "https://www.bsc.es/sites/default/files/public/bscw2/content/about-bsc/bsc-logo.png",
        "citation_info": "Lowe R, Lee SA, O'Reilly KM et al. (2021) Combined effects of hydrometeorological hazards and urbanisation on dengue risk in Brazil: a spatiotemporal modelling study. The Lancet Planetary Health. https://doi.org/10.1016/S2542-5196(20)30292-8",
        "repository_url": null,
        "documentation_url": null
    },
    "git_revision": "60b16a2e929405ce95fae2043a63d7e27292ca0f",
    "chapkit_version": "2.0.0",
    "servicekit_version": "2.0.2",
    "period_type": "monthly",
    "min_prediction_periods": 1,
    "max_prediction_periods": 12,
    "allow_free_additional_continuous_covariates": true,
    "required_covariates": [
        "population"
    ],
    "requires_geo": false
}

-- 2. which chapkit does the service run? which does chap-core pin? --
service:   2.0.0 / servicekit 2.0.2
chap-core: 1.1.0 / servicekit 1.0.1

-- 3. CHAP pointed straight at the service, no shim --
    result = _run_maybe_async_command(command, bound, resolved_backend)
  File "/Users/geirksa_1_2_3/.local/share/uv/tools/chap-core/lib/python3.13/site-packages/cyclopts/_run.py", line 50, in _run_maybe_async_command
    return command(*bound.args, **bound.kwargs)
  File "/Users/geirksa_1_2_3/.local/share/uv/tools/chap-core/lib/python3.13/site-packages/chap_core/cli_endpoints/model.py", line 111, in schema_cmd
    template = ModelTemplate.from_directory_or_github_url(
        model_name,
    ...<2 lines>...
        dry_run=True,
    )
  File "/Users/geirksa_1_2_3/.local/share/uv/tools/chap-core/lib/python3.13/site-packages/chap_core/models/model_template.py", line 69, in from_directory_or_github_url
    return get_model_template_from_directory_or_github_url(  # type: ignore[return-value]
        model_template_path,
    ...<4 lines>...
        dry_run=dry_run,
    )
  File "/Users/geirksa_1_2_3/.local/share/uv/tools/chap-core/lib/python3.13/site-packages/chap_core/models/utils.py", line 176, in get_model_template_from_directory_or_github_url
    raise ValueError(
    ...<3 lines>...
    )
ValueError: URL http://localhost:8000 was provided but could not be reached as a chapkit service. Ensure the server is running and exposes /api/v1/info, or use --run-config.is-chapkit-model to skip auto-detection.
   exit: 1

-- 4. and with the documented escape hatch --
  File "/Users/geirksa_1_2_3/.local/share/uv/tools/chap-core/lib/python3.13/site-packages/pydantic/main.py", line 732, in model_validate
    return cls.__pydantic_validator__.validate_python(
           ~~~~~~~~~~~~~~~~~~~~~~~~~~~~~~~~~~~~~~~~~~^
        obj,
        ^^^^
    ...<5 lines>...
        by_name=by_name,
        ^^^^^^^^^^^^^^^^
    )
    ^
pydantic_core._pydantic_core.ValidationError: 3 validation errors for MLServiceInfo
git_revision
  Extra inputs are not permitted [type=extra_forbidden, input_value='60b16a2e929405ce95fae2043a63d7e27292ca0f', input_type=str]
    For further information visit https://errors.pydantic.dev/2.13/v/extra_forbidden
chapkit_version
  Extra inputs are not permitted [type=extra_forbidden, input_value='2.0.0', input_type=str]
    For further information visit https://errors.pydantic.dev/2.13/v/extra_forbidden
servicekit_version
  Extra inputs are not permitted [type=extra_forbidden, input_value='2.0.2', input_type=str]
    For further information visit https://errors.pydantic.dev/2.13/v/extra_forbidden
   exit: 1
